Component: ARM Compiler 5.06 update 6 (build 750) Tool: armlink [4d35ed]

==============================================================================

Section Cross References

    vin_weasel.o(i.InitUltrasonicPWM) refers to vin_weasel.o(i.__NVIC_SetPriority) for __NVIC_SetPriority
    vin_weasel.o(i.InitUltrasonicPWM) refers to vin_weasel.o(i.__NVIC_ClearPendingIRQ) for __NVIC_ClearPendingIRQ
    vin_weasel.o(i.InitUltrasonicPWM) refers to vin_weasel.o(i.__NVIC_EnableIRQ) for __NVIC_EnableIRQ
    vin_weasel.o(i.PORTD_IRQHandler) refers to vin_weasel.o(i.__NVIC_ClearPendingIRQ) for __NVIC_ClearPendingIRQ
    vin_weasel.o(i.PORTD_IRQHandler) refers to vin_weasel.o(.data) for ir_control
    vin_weasel.o(i.UART2_IRQHandler) refers to vin_weasel.o(i.__NVIC_ClearPendingIRQ) for __NVIC_ClearPendingIRQ
    vin_weasel.o(i.UART2_IRQHandler) refers to vin_weasel.o(i.playEndUnique) for playEndUnique
    vin_weasel.o(i.UART2_IRQHandler) refers to vin_weasel.o(i.greenStopState) for greenStopState
    vin_weasel.o(i.UART2_IRQHandler) refers to rtx_msgqueue.o(.text.osMessageQueuePut) for osMessageQueuePut
    vin_weasel.o(i.UART2_IRQHandler) refers to vin_weasel.o(.data) for uartMsg
    vin_weasel.o(i.executeUTurn) refers to vin_weasel.o(i.moveBackward) for moveBackward
    vin_weasel.o(i.executeUTurn) refers to vin_weasel.o(i.delay) for delay
    vin_weasel.o(i.executeUTurn) refers to vin_weasel.o(i.stop) for stop
    vin_weasel.o(i.executeUTurn) refers to vin_weasel.o(i.moveLeft) for moveLeft
    vin_weasel.o(i.executeUTurn) refers to vin_weasel.o(i.moveForward) for moveForward
    vin_weasel.o(i.executeUTurn) refers to vin_weasel.o(i.moveForwardRight) for moveForwardRight
    vin_weasel.o(i.greenFlashTwice) refers to vin_weasel.o(i.offLED) for offLED
    vin_weasel.o(i.greenFlashTwice) refers to rtx_delay.o(.text.osDelay) for osDelay
    vin_weasel.o(i.greenLED_thread) refers to rtx_msgqueue.o(.text.osMessageQueueGet) for osMessageQueueGet
    vin_weasel.o(i.greenLED_thread) refers to vin_weasel.o(i.greenStopState) for greenStopState
    vin_weasel.o(i.greenLED_thread) refers to vin_weasel.o(i.greenFlashTwice) for greenFlashTwice
    vin_weasel.o(i.greenLED_thread) refers to rtx_msgqueue.o(.text.osMessageQueuePut) for osMessageQueuePut
    vin_weasel.o(i.greenLED_thread) refers to rtx_delay.o(.text.osDelay) for osDelay
    vin_weasel.o(i.greenLED_thread) refers to vin_weasel.o(i.ledControl) for ledControl
    vin_weasel.o(i.greenLED_thread) refers to vin_weasel.o(.data) for greenLEDMsg
    vin_weasel.o(i.initIR) refers to vin_weasel.o(i.__NVIC_SetPriority) for __NVIC_SetPriority
    vin_weasel.o(i.initIR) refers to vin_weasel.o(i.__NVIC_ClearPendingIRQ) for __NVIC_ClearPendingIRQ
    vin_weasel.o(i.initIR) refers to vin_weasel.o(i.__NVIC_EnableIRQ) for __NVIC_EnableIRQ
    vin_weasel.o(i.initUART2) refers to aeabi_sdiv.o(.text) for __aeabi_uidivmod
    vin_weasel.o(i.initUART2) refers to vin_weasel.o(i.__NVIC_SetPriority) for __NVIC_SetPriority
    vin_weasel.o(i.initUART2) refers to vin_weasel.o(i.__NVIC_ClearPendingIRQ) for __NVIC_ClearPendingIRQ
    vin_weasel.o(i.initUART2) refers to vin_weasel.o(i.__NVIC_EnableIRQ) for __NVIC_EnableIRQ
    vin_weasel.o(i.ir_thread) refers to rtx_msgqueue.o(.text.osMessageQueueGet) for osMessageQueueGet
    vin_weasel.o(i.ir_thread) refers to vin_weasel.o(i.moveForward) for moveForward
    vin_weasel.o(i.ir_thread) refers to vin_weasel.o(i.executeUTurn) for executeUTurn
    vin_weasel.o(i.ir_thread) refers to vin_weasel.o(i.stop) for stop
    vin_weasel.o(i.ir_thread) refers to vin_weasel.o(.data) for selfDriveMsg
    vin_weasel.o(i.ledControl) refers to vin_weasel.o(i.offLED) for offLED
    vin_weasel.o(i.main) refers to system_mkl25z4.o(i.SystemCoreClockUpdate) for SystemCoreClockUpdate
    vin_weasel.o(i.main) refers to vin_weasel.o(i.initMotorPWM) for initMotorPWM
    vin_weasel.o(i.main) refers to vin_weasel.o(i.initAudioPWM) for initAudioPWM
    vin_weasel.o(i.main) refers to vin_weasel.o(i.initLED) for initLED
    vin_weasel.o(i.main) refers to vin_weasel.o(i.initUART2) for initUART2
    vin_weasel.o(i.main) refers to vin_weasel.o(i.initIR) for initIR
    vin_weasel.o(i.main) refers to rtx_kernel.o(.text.osKernelInitialize) for osKernelInitialize
    vin_weasel.o(i.main) refers to rtx_msgqueue.o(.text.osMessageQueueNew) for osMessageQueueNew
    vin_weasel.o(i.main) refers to rtx_thread.o(.text.osThreadNew) for osThreadNew
    vin_weasel.o(i.main) refers to rtx_kernel.o(.text.osKernelStart) for osKernelStart
    vin_weasel.o(i.main) refers to vin_weasel.o(.data) for uartMsg
    vin_weasel.o(i.main) refers to vin_weasel.o(i.greenLED_thread) for greenLED_thread
    vin_weasel.o(i.main) refers to vin_weasel.o(i.redLED_thread) for redLED_thread
    vin_weasel.o(i.main) refers to vin_weasel.o(i.ir_thread) for ir_thread
    vin_weasel.o(i.main) refers to vin_weasel.o(i.motor_thread) for motor_thread
[...]
    rtx_mutex.c                              0x00000000   Number         0  rtx_mutex.o ABSOLUTE
    rtx_system.c                             0x00000000   Number         0  rtx_system.o ABSOLUTE
    rtx_thread.c                             0x00000000   Number         0  rtx_thread.o ABSOLUTE
    rtx_timer.c                              0x00000000   Number         0  rtx_timer.o ABSOLUTE
    !!!main                                  0x000000c0   Section        8  __main.o(!!!main)
    !!!scatter                               0x000000c8   Section       60  __scatter.o(!!!scatter)
    !!handler_zi                             0x00000104   Section       28  __scatter_zi.o(!!handler_zi)
    .ARM.Collect$$libinit$$00000000          0x00000120   Section        2  libinit.o(.ARM.Collect$$libinit$$00000000)
    .ARM.Collect$$libinit$$00000002          0x00000122   Section        0  libinit2.o(.ARM.Collect$$libinit$$00000002)
    .ARM.Collect$$libinit$$00000004          0x00000122   Section        0  libinit2.o(.ARM.Collect$$libinit$$00000004)
    .ARM.Collect$$libinit$$0000000A          0x00000122   Section        0  libinit2.o(.ARM.Collect$$libinit$$0000000A)
    .ARM.Collect$$libinit$$0000000C          0x00000122   Section        0  libinit2.o(.ARM.Collect$$libinit$$0000000C)
    .ARM.Collect$$libinit$$0000000E          0x00000122   Section        0  libinit2.o(.ARM.Collect$$libinit$$0000000E)
    .ARM.Collect$$libinit$$00000011          0x00000122   Section        0  libinit2.o(.ARM.Collect$$libinit$$00000011)
    .ARM.Collect$$libinit$$00000013          0x00000122   Section        0  libinit2.o(.ARM.Collect$$libinit$$00000013)
    .ARM.Collect$$libinit$$00000015          0x00000122   Section        0  libinit2.o(.ARM.Collect$$libinit$$00000015)
    .ARM.Collect$$libinit$$00000017          0x00000122   Section        0  libinit2.o(.ARM.Collect$$libinit$$00000017)
    .ARM.Collect$$libinit$$00000019          0x00000122   Section        0  libinit2.o(.ARM.Collect$$libinit$$00000019)
    .ARM.Collect$$libinit$$0000001B          0x00000122   Section        0  libinit2.o(.ARM.Collect$$libinit$$0000001B)
    .ARM.Collect$$libinit$$0000001D          0x00000122   Section        0  libinit2.o(.ARM.Collect$$libinit$$0000001D)
    .ARM.Collect$$libinit$$0000001F          0x00000122   Section        0  libinit2.o(.ARM.Collect$$libinit$$0000001F)
    .ARM.Collect$$libinit$$00000021          0x00000122   Section        0  libinit2.o(.ARM.Collect$$libinit$$00000021)
    .ARM.Collect$$libinit$$00000023          0x00000122   Section        0  libinit2.o(.ARM.Collect$$libinit$$00000023)
    .ARM.Collect$$libinit$$00000025          0x00000122   Section        0  libinit2.o(.ARM.Collect$$libinit$$00000025)
    .ARM.Collect$$libinit$$0000002C          0x00000122   Section        0  libinit2.o(.ARM.Collect$$libinit$$0000002C)
    .ARM.Collect$$libinit$$0000002E          0x00000122   Section        0  libinit2.o(.ARM.Collect$$libinit$$0000002E)
    .ARM.Collect$$libinit$$00000030          0x00000122   Section        0  libinit2.o(.ARM.Collect$$libinit$$00000030)
    .ARM.Collect$$libinit$$00000032          0x00000122   Section        0  libinit2.o(.ARM.Collect$$libinit$$00000032)
    .ARM.Collect$$libinit$$00000033          0x00000122   Section        2  libinit2.o(.ARM.Collect$$libinit$$00000033)
    .ARM.Collect$$libshutdown$$00000000      0x00000124   Section        2  libshutdown.o(.ARM.Collect$$libshutdown$$00000000)
    .ARM.Collect$$libshutdown$$00000002      0x00000126   Section        0  libshutdown2.o(.ARM.Collect$$libshutdown$$00000002)
    .ARM.Collect$$libshutdown$$00000004      0x00000126   Section        0  libshutdown2.o(.ARM.Collect$$libshutdown$$00000004)
    .ARM.Collect$$libshutdown$$00000007      0x00000126   Section        0  libshutdown2.o(.ARM.Collect$$libshutdown$$00000007)
    .ARM.Collect$$libshutdown$$0000000A      0x00000126   Section        0  libshutdown2.o(.ARM.Collect$$libshutdown$$0000000A)
    .ARM.Collect$$libshutdown$$0000000C      0x00000126   Section        0  libshutdown2.o(.ARM.Collect$$libshutdown$$0000000C)
    .ARM.Collect$$libshutdown$$0000000F      0x00000126   Section        0  libshutdown2.o(.ARM.Collect$$libshutdown$$0000000F)
    .ARM.Collect$$libshutdown$$00000010      0x00000126   Section        2  libshutdown2.o(.ARM.Collect$$libshutdown$$00000010)
    .ARM.Collect$$rtentry$$00000000          0x00000128   Section        0  __rtentry.o(.ARM.Collect$$rtentry$$00000000)
    .ARM.Collect$$rtentry$$00000002          0x00000128   Section        0  __rtentry2.o(.ARM.Collect$$rtentry$$00000002)
    .ARM.Collect$$rtentry$$00000004          0x00000128   Section        6  __rtentry4.o(.ARM.Collect$$rtentry$$00000004)
    .ARM.Collect$$rtentry$$00000008          0x0000012e   Section        8  __rtentry2.o(.ARM.Collect$$rtentry$$00000008)
    .ARM.Collect$$rtentry$$0000000A          0x00000136   Section        4  __rtentry2.o(.ARM.Collect$$rtentry$$0000000A)
    .ARM.Collect$$rtentry$$0000000C          0x0000013a   Section        0  __rtentry2.o(.ARM.Collect$$rtentry$$0000000C)
    .ARM.Collect$$rtentry$$0000000D          0x0000013a   Section        8  __rtentry2.o(.ARM.Collect$$rtentry$$0000000D)
    .ARM.Collect$$rtexit$$00000000           0x00000142   Section        2  rtexit.o(.ARM.Collect$$rtexit$$00000000)
    .ARM.Collect$$rtexit$$00000002           0x00000144   Section        0  rtexit2.o(.ARM.Collect$$rtexit$$00000002)
    .ARM.Collect$$rtexit$$00000003           0x00000144   Section        4  rtexit2.o(.ARM.Collect$$rtexit$$00000003)
    .ARM.Collect$$rtexit$$00000004           0x00000148   Section        6  rtexit2.o(.ARM.Collect$$rtexit$$00000004)
    .emb_text                                0x00000150   Section       56  rt_memcpy.o(.emb_text)
    .text                                    0x00000188   Section       60  startup_mkl25z4.o(.text)
    .text                                    0x000001c4   Section      164  irq_cm0.o(.text)
    .text                                    0x00000268   Section        0  rt_memcpy.o(.text)
    .text                                    0x000002ea   Section        0  rt_memclr.o(.text)
    .text                                    0x0000032a   Section        0  heapauxi.o(.text)
    .text                                    0x00000330   Section       62  sys_stackheap_outer.o(.text)
    .text                                    0x0000036e   Section        0  exit.o(.text)
    .text                                    0x00000380   Section        8  libspace.o(.text)
    .text                                    0x00000388   Section        0  sys_exit.o(.text)
    .text                                    0x00000394   Section        2  use_no_semi.o(.text)
    .text                                    0x00000396   Section        0  indicate_semi.o(.text)
    .text                                    0x00000396   Section        0  __dczerorl2.o(.text)
    [Anonymous Symbol]                       0x000003ec   Section        0  os_systick.o(.text.OS_Tick_AcknowledgeIRQ)
    __arm_cp.3_0                             0x000003f4   Number         4  os_systick.o(.text.OS_Tick_AcknowledgeIRQ)
    [Anonymous Symbol]                       0x000003f8   Section        0  os_systick.o(.text.OS_Tick_GetIRQn)
    [Anonymous Symbol]                       0x000003fe   Section        0  rtx_kernel.o(.text.osRtxKernelPreInit)
    .ARM.__at_0x400                          0x00000400   Section       16  startup_mkl25z4.o(.ARM.__at_0x400)
    .text                                    0x00000410   Section      346  aeabi_sdiv.o(.text)
    [Anonymous Symbol]                       0x0000056a   Section        0  rtx_msgqueue.o(.text.MessageQueueGet)
    MessageQueueGet                          0x0000056b   Thumb Code    76  rtx_msgqueue.o(.text.MessageQueueGet)
    [Anonymous Symbol]                       0x000005b6   Section        0  rtx_msgqueue.o(.text.MessageQueuePut)
    MessageQueuePut                          0x000005b7   Thumb Code    98  rtx_msgqueue.o(.text.MessageQueuePut)
    [Anonymous Symbol]                       0x00000618   Section        0  rtx_msgqueue.o(.text.MessageQueueRemove)
    MessageQueueRemove                       0x00000619   Thumb Code    30  rtx_msgqueue.o(.text.MessageQueueRemove)
    [Anonymous Symbol]                       0x00000638   Section        0  os_systick.o(.text.OS_Tick_Enable)
    __arm_cp.1_0                             0x00000658   Number         4  os_systick.o(.text.OS_Tick_Enable)
    __arm_cp.1_1                             0x0000065c   Number         4  os_systick.o(.text.OS_Tick_Enable)
    __arm_cp.1_2                             0x00000660   Number         4  os_systick.o(.text.OS_Tick_Enable)
    [Anonymous Symbol]                       0x00000664   Section        0  os_systick.o(.text.OS_Tick_Setup)
    __arm_cp.0_0                             0x000006a0   Number         4  os_systick.o(.text.OS_Tick_Setup)
    __arm_cp.0_1                             0x000006a4   Number         4  os_systick.o(.text.OS_Tick_Setup)
    __arm_cp.0_2                             0x000006a8   Number         4  os_systick.o(.text.OS_Tick_Setup)
    __arm_cp.0_3                             0x000006ac   Number         4  os_systick.o(.text.OS_Tick_Setup)
    [Anonymous Symbol]                       0x000006b0   Section        0  rtx_thread.o(.text.ThreadFlagsCheck)
    ThreadFlagsCheck                         0x000006b1   Thumb Code    78  rtx_thread.o(.text.ThreadFlagsCheck)
    [Anonymous Symbol]                       0x00000700   Section        0  rtx_timer.o(.text.TimerInsert)
    TimerInsert                              0x00000701   Thumb Code    76  rtx_timer.o(.text.TimerInsert)
    __arm_cp.8_0                             0x00000748   Number         4  rtx_timer.o(.text.TimerInsert)
    [Anonymous Symbol]                       0x0000074c   Section        0  rtx_delay.o(.text.osDelay)
    __arm_cp.0_0                             0x00000770   Number         4  rtx_delay.o(.text.osDelay)
    [Anonymous Symbol]                       0x00000774   Section        0  rtx_kernel.o(.text.osKernelGetState)
    __arm_cp.4_0                             0x0000079c   Number         4  rtx_kernel.o(.text.osKernelGetState)
    __arm_cp.4_1                             0x000007a0   Number         4  rtx_kernel.o(.text.osKernelGetState)
    [Anonymous Symbol]                       0x000007a4   Section        0  rtx_kernel.o(.text.osKernelInitialize)
    __arm_cp.1_0                             0x000007c8   Number         4  rtx_kernel.o(.text.osKernelInitialize)
    [Anonymous Symbol]                       0x000007cc   Section        0  rtx_kernel.o(.text.osKernelStart)
    __arm_cp.6_0                             0x000007ec   Number         4  rtx_kernel.o(.text.osKernelStart)
    [Anonymous Symbol]                       0x000007f0   Section        0  rtx_msgqueue.o(.text.osMessageQueueGet)
    __arm_cp.3_0                             0x00000860   Number         4  rtx_msgqueue.o(.text.osMessageQueueGet)
    [Anonymous Symbol]                       0x00000864   Section        0  rtx_msgqueue.o(.text.osMessageQueueNew)
    __arm_cp.0_0                             0x00000884   Number         4  rtx_msgqueue.o(.text.osMessageQueueNew)
    [Anonymous Symbol]                       0x00000888   Section        0  rtx_msgqueue.o(.text.osMessageQueuePut)
    __arm_cp.2_0                             0x000008fc   Number         4  rtx_msgqueue.o(.text.osMessageQueuePut)
    [Anonymous Symbol]                       0x00000900   Section        0  rtx_mutex.o(.text.osMutexAcquire)
    __arm_cp.3_0                             0x00000924   Number         4  rtx_mutex.o(.text.osMutexAcquire)
    [Anonymous Symbol]                       0x00000928   Section        0  rtx_mutex.o(.text.osMutexDelete)
    __arm_cp.6_0                             0x0000094c   Number         4  rtx_mutex.o(.text.osMutexDelete)
    [Anonymous Symbol]                       0x00000950   Section        0  rtx_mutex.o(.text.osMutexNew)
    __arm_cp.1_0                             0x00000970   Number         4  rtx_mutex.o(.text.osMutexNew)
    [Anonymous Symbol]                       0x00000974   Section        0  rtx_mutex.o(.text.osMutexRelease)
    __arm_cp.4_0                             0x00000998   Number         4  rtx_mutex.o(.text.osMutexRelease)
    [Anonymous Symbol]                       0x0000099c   Section        0  rtx_memory.o(.text.osRtxMemoryAlloc)
    [Anonymous Symbol]                       0x00000a18   Section        0  rtx_memory.o(.text.osRtxMemoryFree)
    [Anonymous Symbol]                       0x00000a66   Section        0  rtx_memory.o(.text.osRtxMemoryInit)
    [Anonymous Symbol]                       0x00000a98   Section        0  rtx_mempool.o(.text.osRtxMemoryPoolAlloc)
    [Anonymous Symbol]                       0x00000ac6   Section        0  rtx_mempool.o(.text.osRtxMemoryPoolFree)
    [Anonymous Symbol]                       0x00000b00   Section        0  rtx_mempool.o(.text.osRtxMemoryPoolInit)
    [Anonymous Symbol]                       0x00000b3e   Section        0  rtx_msgqueue.o(.text.osRtxMessageQueuePostProcess)
    osRtxMessageQueuePostProcess             0x00000b3f   Thumb Code   188  rtx_msgqueue.o(.text.osRtxMessageQueuePostProcess)
    [Anonymous Symbol]                       0x00000bfa   Section        0  rtx_mutex.o(.text.osRtxMutexOwnerRelease)
    [Anonymous Symbol]                       0x00000c40   Section        0  rtx_system.o(.text.osRtxPendSV_Handler)
    __arm_cp.1_0                             0x00000cbc   Number         4  rtx_system.o(.text.osRtxPendSV_Handler)
    [Anonymous Symbol]                       0x00000cc0   Section        0  rtx_system.o(.text.osRtxPostProcess)
    __arm_cp.2_0                             0x00000d24   Number         4  rtx_system.o(.text.osRtxPostProcess)
    __arm_cp.2_1                             0x00000d28   Number         4  rtx_system.o(.text.osRtxPostProcess)
    [Anonymous Symbol]                       0x00000d2c   Section        0  rtx_thread.o(.text.osRtxThreadBlock)
    osRtxThreadBlock                         0x00000d2d   Thumb Code    56  rtx_thread.o(.text.osRtxThreadBlock)
    __arm_cp.10_0                            0x00000d60   Number         4  rtx_thread.o(.text.osRtxThreadBlock)
    [Anonymous Symbol]                       0x00000d64   Section        0  rtx_thread.o(.text.osRtxThreadDelayInsert)
    osRtxThreadDelayInsert                   0x00000d65   Thumb Code   128  rtx_thread.o(.text.osRtxThreadDelayInsert)
    __arm_cp.14_0                            0x00000de0   Number         4  rtx_thread.o(.text.osRtxThreadDelayInsert)
    [Anonymous Symbol]                       0x00000de4   Section        0  rtx_thread.o(.text.osRtxThreadDelayRemove)
    osRtxThreadDelayRemove                   0x00000de5   Thumb Code    68  rtx_thread.o(.text.osRtxThreadDelayRemove)
    __arm_cp.12_0                            0x00000e24   Number         4  rtx_thread.o(.text.osRtxThreadDelayRemove)
    [Anonymous Symbol]                       0x00000e28   Section        0  rtx_thread.o(.text.osRtxThreadDelayTick)
    __arm_cp.5_0                             0x00000e5c   Number         4  rtx_thread.o(.text.osRtxThreadDelayTick)
    [Anonymous Symbol]                       0x00000e60   Section        0  rtx_thread.o(.text.osRtxThreadDispatch)
    __arm_cp.9_0                             0x00000eac   Number         4  rtx_thread.o(.text.osRtxThreadDispatch)
    [Anonymous Symbol]                       0x00000eb0   Section        0  rtx_thread.o(.text.osRtxThreadFree)
    osRtxThreadFree                          0x00000eb1   Thumb Code    84  rtx_thread.o(.text.osRtxThreadFree)
    __arm_cp.52_0                            0x00000f00   Number         4  rtx_thread.o(.text.osRtxThreadFree)
    [Anonymous Symbol]                       0x00000f04   Section        0  rtx_thread.o(.text.osRtxThreadListGet)
    [Anonymous Symbol]                       0x00000f18   Section        0  rtx_thread.o(.text.osRtxThreadListPut)
    [Anonymous Symbol]                       0x00000f44   Section        0  rtx_thread.o(.text.osRtxThreadListRemove)
    [Anonymous Symbol]                       0x00000f5c   Section        0  rtx_thread.o(.text.osRtxThreadListSort)
    [Anonymous Symbol]                       0x00000f82   Section        0  rtx_thread.o(.text.osRtxThreadPostProcess)
    osRtxThreadPostProcess                   0x00000f83   Thumb Code    38  rtx_thread.o(.text.osRtxThreadPostProcess)
    [Anonymous Symbol]                       0x00000fa8   Section        0  rtx_thread.o(.text.osRtxThreadReadyPut)
    __arm_cp.4_0                             0x00000fbc   Number         4  rtx_thread.o(.text.osRtxThreadReadyPut)
    [Anonymous Symbol]                       0x00000fc0   Section        0  rtx_thread.o(.text.osRtxThreadRegPtr)
    [Anonymous Symbol]                       0x00000fc8   Section        0  rtx_thread.o(.text.osRtxThreadStackCheck)
    __arm_cp.8_0                             0x00000fec   Number         4  rtx_thread.o(.text.osRtxThreadStackCheck)
    __arm_cp.8_1                             0x00000ff0   Number         4  rtx_thread.o(.text.osRtxThreadStackCheck)
    [Anonymous Symbol]                       0x00000ff4   Section        0  rtx_thread.o(.text.osRtxThreadStartup)
    __arm_cp.15_0                            0x00001024   Number         4  rtx_thread.o(.text.osRtxThreadStartup)
    __arm_cp.15_1                            0x00001028   Number         4  rtx_thread.o(.text.osRtxThreadStartup)
    __arm_cp.15_2                            0x0000102c   Number         4  rtx_thread.o(.text.osRtxThreadStartup)
    __arm_cp.15_3                            0x00001030   Number         4  rtx_thread.o(.text.osRtxThreadStartup)
    [Anonymous Symbol]                       0x00001034   Section        0  rtx_thread.o(.text.osRtxThreadSwitch)
    __arm_cp.7_0                             0x00001044   Number         4  rtx_thread.o(.text.osRtxThreadSwitch)
    [Anonymous Symbol]                       0x00001048   Section        0  rtx_thread.o(.text.osRtxThreadWaitEnter)
    __arm_cp.13_0                            0x00001080   Number         4  rtx_thread.o(.text.osRtxThreadWaitEnter)
    [Anonymous Symbol]                       0x00001084   Section        0  rtx_thread.o(.text.osRtxThreadWaitExit)
    [Anonymous Symbol]                       0x000010a8   Section        0  rtx_system.o(.text.osRtxTick_Handler)
    __arm_cp.0_0                             0x00001118   Number         4  rtx_system.o(.text.osRtxTick_Handler)
    [Anonymous Symbol]                       0x0000111c   Section        0  rtx_timer.o(.text.osRtxTimerThread)
    __arm_cp.0_0                             0x0000114c   Number         4  rtx_timer.o(.text.osRtxTimerThread)
    __arm_cp.0_1                             0x00001150   Number         4  rtx_timer.o(.text.osRtxTimerThread)
    __arm_cp.0_2                             0x00001154   Number         4  rtx_timer.o(.text.osRtxTimerThread)
    [Anonymous Symbol]                       0x00001158   Section        0  rtx_timer.o(.text.osRtxTimerTick)
    osRtxTimerTick                           0x00001159   Thumb Code    96  rtx_timer.o(.text.osRtxTimerTick)
    __arm_cp.1_0                             0x000011b4   Number         4  rtx_timer.o(.text.osRtxTimerTick)
    [Anonymous Symbol]                       0x000011b8   Section        0  rtx_thread.o(.text.osThreadExit)
    __arm_cp.31_0                            0x000011c0   Number         4  rtx_thread.o(.text.osThreadExit)
    [Anonymous Symbol]                       0x000011c4   Section        0  rtx_thread.o(.text.osThreadNew)
    __arm_cp.17_0                            0x000011e4   Number         4  rtx_thread.o(.text.osThreadNew)
    [Anonymous Symbol]                       0x000011e8   Section        0  rtx_delay.o(.text.svcRtxDelay)
    svcRtxDelay                              0x000011e9   Thumb Code    18  rtx_delay.o(.text.svcRtxDelay)
    [Anonymous Symbol]                       0x000011fc   Section        0  rtx_kernel.o(.text.svcRtxKernelGetState)
    svcRtxKernelGetState                     0x000011fd   Thumb Code    12  rtx_kernel.o(.text.svcRtxKernelGetState)
    __arm_cp.5_0                             0x00001204   Number         4  rtx_kernel.o(.text.svcRtxKernelGetState)
    [Anonymous Symbol]                       0x00001208   Section        0  rtx_kernel.o(.text.svcRtxKernelInitialize)
    svcRtxKernelInitialize                   0x00001209   Thumb Code   328  rtx_kernel.o(.text.svcRtxKernelInitialize)
    __arm_cp.20_0                            0x00001344   Number         4  rtx_kernel.o(.text.svcRtxKernelInitialize)
    __arm_cp.20_1                            0x00001348   Number         4  rtx_kernel.o(.text.svcRtxKernelInitialize)
    __arm_cp.20_2                            0x0000134c   Number         4  rtx_kernel.o(.text.svcRtxKernelInitialize)
    [Anonymous Symbol]                       0x00001350   Section        0  rtx_kernel.o(.text.svcRtxKernelStart)
    svcRtxKernelStart                        0x00001351   Thumb Code   132  rtx_kernel.o(.text.svcRtxKernelStart)
    __arm_cp.21_0                            0x000013c4   Number         4  rtx_kernel.o(.text.svcRtxKernelStart)
    __arm_cp.21_1                            0x000013c8   Number         4  rtx_kernel.o(.text.svcRtxKernelStart)
    __arm_cp.21_2                            0x000013cc   Number         4  rtx_kernel.o(.text.svcRtxKernelStart)
    __arm_cp.21_3                            0x000013d0   Number         4  rtx_kernel.o(.text.svcRtxKernelStart)
    [Anonymous Symbol]                       0x000013d4   Section        0  rtx_msgqueue.o(.text.svcRtxMessageQueueGet)
    svcRtxMessageQueueGet                    0x000013d5   Thumb Code   232  rtx_msgqueue.o(.text.svcRtxMessageQueueGet)
    __arm_cp.21_0                            0x000014b8   Number         4  rtx_msgqueue.o(.text.svcRtxMessageQueueGet)
    [Anonymous Symbol]                       0x000014bc   Section        0  rtx_msgqueue.o(.text.svcRtxMessageQueueNew)
    svcRtxMessageQueueNew                    0x000014bd   Thumb Code   484  rtx_msgqueue.o(.text.svcRtxMessageQueueNew)
    __arm_cp.14_0                            0x00001688   Number         4  rtx_msgqueue.o(.text.svcRtxMessageQueueNew)
    __arm_cp.14_1                            0x0000168c   Number         4  rtx_msgqueue.o(.text.svcRtxMessageQueueNew)
    __arm_cp.14_2                            0x00001690   Number         4  rtx_msgqueue.o(.text.svcRtxMessageQueueNew)
    __arm_cp.14_3                            0x00001694   Number         4  rtx_msgqueue.o(.text.svcRtxMessageQueueNew)
    __arm_cp.14_4                            0x00001698   Number         4  rtx_msgqueue.o(.text.svcRtxMessageQueueNew)
    __arm_cp.14_5                            0x0000169c   Number         4  rtx_msgqueue.o(.text.svcRtxMessageQueueNew)
    [Anonymous Symbol]                       0x000016a0   Section        0  rtx_msgqueue.o(.text.svcRtxMessageQueuePut)
    svcRtxMessageQueuePut                    0x000016a1   Thumb Code   188  rtx_msgqueue.o(.text.svcRtxMessageQueuePut)
    __arm_cp.19_0                            0x00001758   Number         4  rtx_msgqueue.o(.text.svcRtxMessageQueuePut)
    [Anonymous Symbol]                       0x0000175c   Section        0  rtx_mutex.o(.text.svcRtxMutexAcquire)
    svcRtxMutexAcquire                       0x0000175d   Thumb Code   152  rtx_mutex.o(.text.svcRtxMutexAcquire)
    __arm_cp.9_0                             0x000017f0   Number         4  rtx_mutex.o(.text.svcRtxMutexAcquire)
    [Anonymous Symbol]                       0x000017f4   Section        0  rtx_mutex.o(.text.svcRtxMutexDelete)
    svcRtxMutexDelete                        0x000017f5   Thumb Code   188  rtx_mutex.o(.text.svcRtxMutexDelete)
    __arm_cp.12_0                            0x000018ac   Number         4  rtx_mutex.o(.text.svcRtxMutexDelete)
    [Anonymous Symbol]                       0x000018b0   Section        0  rtx_mutex.o(.text.svcRtxMutexNew)
    svcRtxMutexNew                           0x000018b1   Thumb Code   112  rtx_mutex.o(.text.svcRtxMutexNew)
    __arm_cp.7_0                             0x0000191c   Number         4  rtx_mutex.o(.text.svcRtxMutexNew)
    [Anonymous Symbol]                       0x00001920   Section        0  rtx_mutex.o(.text.svcRtxMutexRelease)
    svcRtxMutexRelease                       0x00001921   Thumb Code   192  rtx_mutex.o(.text.svcRtxMutexRelease)
    __arm_cp.10_0                            0x000019dc   Number         4  rtx_mutex.o(.text.svcRtxMutexRelease)
    [Anonymous Symbol]                       0x000019e0   Section        0  rtx_thread.o(.text.svcRtxThreadExit)
    svcRtxThreadExit                         0x000019e1   Thumb Code   108  rtx_thread.o(.text.svcRtxThreadExit)
    __arm_cp.54_0                            0x00001a48   Number         4  rtx_thread.o(.text.svcRtxThreadExit)
    [Anonymous Symbol]                       0x00001a4c   Section        0  rtx_thread.o(.text.svcRtxThreadNew)
    svcRtxThreadNew                          0x00001a4d   Thumb Code   492  rtx_thread.o(.text.svcRtxThreadNew)
    __arm_cp.16_0                            0x00001c20   Number         4  rtx_thread.o(.text.svcRtxThreadNew)
    __arm_cp.16_1                            0x00001c24   Number         4  rtx_thread.o(.text.svcRtxThreadNew)
    __arm_cp.16_2                            0x00001c28   Number         4  rtx_thread.o(.text.svcRtxThreadNew)
    __arm_cp.16_3                            0x00001c2c   Number         4  rtx_thread.o(.text.svcRtxThreadNew)
    __arm_cp.16_4                            0x00001c30   Number         4  rtx_thread.o(.text.svcRtxThreadNew)
    __arm_cp.16_5                            0x00001c34   Number         4  rtx_thread.o(.text.svcRtxThreadNew)
    i.PORTD_IRQHandler                       0x00001c38   Section        0  vin_weasel.o(i.PORTD_IRQHandler)
    i.SystemCoreClockUpdate                  0x00001c5c   Section        0  system_mkl25z4.o(i.SystemCoreClockUpdate)
    i.SystemInit                             0x00001dec   Section        0  system_mkl25z4.o(i.SystemInit)
    i.UART2_IRQHandler                       0x00001df8   Section        0  vin_weasel.o(i.UART2_IRQHandler)
    i.__ARM_common_switch8                   0x00001e3c   Section        0  vin_weasel.o(i.__ARM_common_switch8)
    i.__NVIC_ClearPendingIRQ                 0x00001e58   Section        0  vin_weasel.o(i.__NVIC_ClearPendingIRQ)
    __NVIC_ClearPendingIRQ                   0x00001e59   Thumb Code    18  vin_weasel.o(i.__NVIC_ClearPendingIRQ)
    i.__NVIC_EnableIRQ                       0x00001e70   Section        0  vin_weasel.o(i.__NVIC_EnableIRQ)
    __NVIC_EnableIRQ                         0x00001e71   Thumb Code    26  vin_weasel.o(i.__NVIC_EnableIRQ)
    i.__NVIC_SetPriority                     0x00001e90   Section        0  vin_weasel.o(i.__NVIC_SetPriority)
    __NVIC_SetPriority                       0x00001e91   Thumb Code   110  vin_weasel.o(i.__NVIC_SetPriority)
    i._mutex_acquire                         0x00001f08   Section        0  rtx_lib.o(i._mutex_acquire)
    __tagsym$$used                           0x00001f09   Number         0  rtx_lib.o(i._mutex_acquire)
    i._mutex_free                            0x00001f20   Section        0  rtx_lib.o(i._mutex_free)
    __tagsym$$used                           0x00001f21   Number         0  rtx_lib.o(i._mutex_free)
    i._mutex_initialize                      0x00001f2c   Section        0  rtx_lib.o(i._mutex_initialize)
    __tagsym$$used                           0x00001f2d   Number         0  rtx_lib.o(i._mutex_initialize)
    i._mutex_release                         0x00001f50   Section        0  rtx_lib.o(i._mutex_release)
    __tagsym$$used                           0x00001f51   Number         0  rtx_lib.o(i._mutex_release)
    i._platform_post_stackheap_init          0x00001f64   Section        0  rtx_lib.o(i._platform_post_stackheap_init)
    i.delay                                  0x00001f6c   Section        0  vin_weasel.o(i.delay)
    delay                                    0x00001f6d   Thumb Code    10  vin_weasel.o(i.delay)
    i.executeUTurn                           0x00001f78   Section        0  vin_weasel.o(i.executeUTurn)
    i.greenFlashTwice                        0x00001fb8   Section        0  vin_weasel.o(i.greenFlashTwice)
    i.greenLED_thread                        0x00001ff4   Section        0  vin_weasel.o(i.greenLED_thread)
    i.greenStopState                         0x00002080   Section        0  vin_weasel.o(i.greenStopState)
    i.initAudioPWM                           0x00002090   Section        0  vin_weasel.o(i.initAudioPWM)
    i.initIR                                 0x0000211c   Section        0  vin_weasel.o(i.initIR)
    i.initLED                                0x00002174   Section        0  vin_weasel.o(i.initLED)
    i.initMotorPWM                           0x000022b4   Section        0  vin_weasel.o(i.initMotorPWM)
    i.initUART2                              0x000023fc   Section        0  vin_weasel.o(i.initUART2)
    i.ir_thread                              0x0000249c   Section        0  vin_weasel.o(i.ir_thread)
    i.ledControl                             0x00002524   Section        0  vin_weasel.o(i.ledControl)
    i.main                                   0x000025bc   Section        0  vin_weasel.o(i.main)
    i.motor_control                          0x000026a4   Section        0  vin_weasel.o(i.motor_control)
    i.motor_thread                           0x000026fc   Section        0  vin_weasel.o(i.motor_thread)
    i.moveBackward                           0x00002724   Section        0  vin_weasel.o(i.moveBackward)
    i.moveBackwardLeft                       0x00002740   Section        0  vin_weasel.o(i.moveBackwardLeft)
    i.moveBackwardRight                      0x0000275c   Section        0  vin_weasel.o(i.moveBackwardRight)
    i.moveForward                            0x00002778   Section        0  vin_weasel.o(i.moveForward)
    i.moveForwardLeft                        0x00002794   Section        0  vin_weasel.o(i.moveForwardLeft)
    i.moveForwardRight                       0x000027ac   Section        0  vin_weasel.o(i.moveForwardRight)
    i.moveLeft                               0x000027c4   Section        0  vin_weasel.o(i.moveLeft)
    i.moveRight                              0x000027e0   Section        0  vin_weasel.o(i.moveRight)
    i.music_thread                           0x000027fc   Section        0  vin_weasel.o(i.music_thread)
    i.offLED                                 0x00002884   Section        0  vin_weasel.o(i.offLED)
    i.osRtxErrorNotify                       0x0000289c   Section        0  rtx_config.o(i.osRtxErrorNotify)
    i.osRtxIdleThread                        0x000028bc   Section        0  rtx_config.o(i.osRtxIdleThread)
    i.os_kernel_is_active                    0x000028c0   Section        0  rtx_lib.o(i.os_kernel_is_active)
    os_kernel_is_active                      0x000028c1   Thumb Code    30  rtx_lib.o(i.os_kernel_is_active)
    i.playEndUnique                          0x000028e4   Section        0  vin_weasel.o(i.playEndUnique)
    i.playNote                               0x00002900   Section        0  vin_weasel.o(i.playNote)
    i.playStartUnique                        0x0000291c   Section        0  vin_weasel.o(i.playStartUnique)
    i.playTakeOnMe                           0x00002960   Section        0  vin_weasel.o(i.playTakeOnMe)
    i.redLED_thread                          0x000029b0   Section        0  vin_weasel.o(i.redLED_thread)
    i.redMoveState                           0x000029f8   Section        0  vin_weasel.o(i.redMoveState)
    i.redStopState                           0x00002a20   Section        0  vin_weasel.o(i.redStopState)
    i.setPWMFreq                             0x00002a44   Section        0  vin_weasel.o(i.setPWMFreq)
    i.stop                                   0x00002a70   Section        0  vin_weasel.o(i.stop)
    i.tBrain                                 0x00002a84   Section        0  vin_weasel.o(i.tBrain)
    .constdata                               0x00002afc   Section      100  rtx_lib.o(.constdata)
    os_idle_thread_attr                      0x00002afc   Data          36  rtx_lib.o(.constdata)
    os_timer_thread_attr                     0x00002b20   Data          36  rtx_lib.o(.constdata)
    os_timer_mq_attr                         0x00002b44   Data          24  rtx_lib.o(.constdata)
    .constdata                               0x00002b60   Section        1  irq_cm0.o(.constdata)
    .rodata                                  0x00002b64   Section      160  rtx_lib.o(.rodata)
    __tagsym$$used                           0x00002b64   Number         0  rtx_lib.o(.rodata)
    __tagsym$$used                           0x00002bcc   Number         0  rtx_lib.o(.rodata)
    [Anonymous Symbol]                       0x00002c04   Section        0  rtx_kernel.o(.rodata.str1.4)
    .L.str                                   0x00002c04   Data          11  rtx_kernel.o(.rodata.str1.4)
    .bss.os                                  0x1ffff000   Section     4160  rtx_lib.o(.bss.os)
    os_mem                                   0x1ffff000   Data        4096  rtx_lib.o(.bss.os)
    os_isr_queue                             0x20000000   Data          64  rtx_lib.o(.bss.os)
    .bss.os.msgqueue.cb                      0x20000040   Section       52  rtx_lib.o(.bss.os.msgqueue.cb)
    os_timer_mq_cb                           0x20000040   Data          52  rtx_lib.o(.bss.os.msgqueue.cb)
    .bss.os.msgqueue.mem                     0x20000074   Section       80  rtx_lib.o(.bss.os.msgqueue.mem)
    os_timer_mq_data                         0x20000074   Data          80  rtx_lib.o(.bss.os.msgqueue.mem)
    .bss.os.thread.cb                        0x200000c4   Section      136  rtx_lib.o(.bss.os.thread.cb)
    os_idle_thread_cb                        0x200000c4   Data          68  rtx_lib.o(.bss.os.thread.cb)
    os_timer_thread_cb                       0x20000108   Data          68  rtx_lib.o(.bss.os.thread.cb)
    .bss.os.thread.stack                     0x20000150   Section      512  rtx_lib.o(.bss.os.thread.stack)
    os_idle_thread_stack                     0x20000150   Data         256  rtx_lib.o(.bss.os.thread.stack)
    os_timer_thread_stack                    0x20000250   Data         256  rtx_lib.o(.bss.os.thread.stack)
    .data                                    0x20000350   Section      224  vin_weasel.o(.data)
    .data                                    0x20000430   Section        5  rtx_lib.o(.data)
    os_kernel_active                         0x20000434   Data           1  rtx_lib.o(.data)
    .data                                    0x20000438   Section        4  system_mkl25z4.o(.data)
    .bss                                     0x200004e0   Section       96  libspace.o(.bss)
    [Anonymous Symbol]                       0x20000540   Section        0  os_systick.o(.bss.PendST)
    PendST                                   0x20000540   Data           1  os_systick.o(.bss.PendST)
    HEAP                                     0x20000548   Section        0  startup_mkl25z4.o(HEAP)
    STACK                                    0x20000548   Section      256  startup_mkl25z4.o(STACK)
    Heap_Mem                                 0x20000548   Data           0  startup_mkl25z4.o(HEAP)
    Stack_Mem                                0x20000548   Data         256  startup_mkl25z4.o(STACK)
    __initial_sp                             0x20000648   Data           0  startup_mkl25z4.o(STACK)

    Global Symbols

    Symbol Name                              Value     Ov Type        Size  Object(Section)

    BuildAttributes$$THM_ISAv3M$S$PE$A:L22$X:L11$S22$IEEE1$IW$~IW$USESV6$~STKCKD$USESV7$~SHL$OSPACE$ROPI$EBA8$UX$STANDARDLIB$REQ8$PRES8$EABIv2 0x00000000   Number         0  anon$$obj.o ABSOLUTE
    __ARM_use_no_argv                        0x00000000   Number         0  vin_weasel.o ABSOLUTE
    __Vectors                                0x00000000   Data           4  startup_mkl25z4.o(RESET)
    .bss.os.evflags.cb$$Base                  - Undefined Weak Reference
    .bss.os.evflags.cb$$Limit                 - Undefined Weak Reference
    .bss.os.mempool.cb$$Base                  - Undefined Weak Reference
    .bss.os.mempool.cb$$Limit                 - Undefined Weak Reference
    .bss.os.mutex.cb$$Base                    - Undefined Weak Reference
    .bss.os.mutex.cb$$Limit                   - Undefined Weak Reference
    .bss.os.semaphore.cb$$Base                - Undefined Weak Reference
    .bss.os.semaphore.cb$$Limit               - Undefined Weak Reference
    .bss.os.timer.cb$$Base                    - Undefined Weak Reference
    .bss.os.timer.cb$$Limit                   - Undefined Weak Reference
    __ARM_exceptions_init                     - Undefined Weak Reference
    __alloca_initialize                       - Undefined Weak Reference
    __arm_preinit_                            - Undefined Weak Reference
    __cpp_initialize__aeabi_                  - Undefined Weak Reference
    __cxa_finalize                            - Undefined Weak Reference
    __rt_locale                               - Undefined Weak Reference
    __sigvec_lookup                           - Undefined Weak Reference
    _atexit_init                              - Undefined Weak Reference
    _call_atexit_fns                          - Undefined Weak Reference
    _clock_init                               - Undefined Weak Reference
    _fp_trap_init                             - Undefined Weak Reference
    _fp_trap_shutdown                         - Undefined Weak Reference
    _get_lc_collate                           - Undefined Weak Reference
    _get_lc_ctype                             - Undefined Weak Reference
    _get_lc_monetary                          - Undefined Weak Reference
    _get_lc_numeric                           - Undefined Weak Reference
    _get_lc_time                              - Undefined Weak Reference
    _getenv_init                              - Undefined Weak Reference
    _handle_redirection                       - Undefined Weak Reference
    _init_alloc                               - Undefined Weak Reference
    _init_user_alloc                          - Undefined Weak Reference
    _initio                                   - Undefined Weak Reference
    _rand_init                                - Undefined Weak Reference
    _signal_finish                            - Undefined Weak Reference
    _signal_init                              - Undefined Weak Reference
    _terminate_alloc                          - Undefined Weak Reference
    _terminate_user_alloc                     - Undefined Weak Reference
    _terminateio                              - Undefined Weak Reference
    __Vectors_End                            0x000000c0   Data           0  startup_mkl25z4.o(RESET)
    __Vectors_Size                           0x000000c0   Number         0  startup_mkl25z4.o ABSOLUTE
    __main                                   0x000000c1   Thumb Code     8  __main.o(!!!main)
    __scatterload                            0x000000c9   Thumb Code     0  __scatter.o(!!!scatter)
    __scatterload_rt2                        0x000000c9   Thumb Code    52  __scatter.o(!!!scatter)
    __scatterload_rt2_thumb_only             0x000000c9   Thumb Code     0  __scatter.o(!!!scatter)
    __scatterload_null                       0x000000d9   Thumb Code     0  __scatter.o(!!!scatter)
    __scatterload_zeroinit                   0x00000105   Thumb Code    28  __scatter_zi.o(!!handler_zi)
    __rt_lib_init                            0x00000121   Thumb Code     0  libinit.o(.ARM.Collect$$libinit$$00000000)
    __rt_lib_init_alloca_1                   0x00000123   Thumb Code     0  libinit2.o(.ARM.Collect$$libinit$$0000002E)
    __rt_lib_init_argv_1                     0x00000123   Thumb Code     0  libinit2.o(.ARM.Collect$$libinit$$0000002C)
    __rt_lib_init_atexit_1                   0x00000123   Thumb Code     0  libinit2.o(.ARM.Collect$$libinit$$0000001B)
    __rt_lib_init_clock_1                    0x00000123   Thumb Code     0  libinit2.o(.ARM.Collect$$libinit$$00000021)
    __rt_lib_init_cpp_1                      0x00000123   Thumb Code     0  libinit2.o(.ARM.Collect$$libinit$$00000032)
    __rt_lib_init_exceptions_1               0x00000123   Thumb Code     0  libinit2.o(.ARM.Collect$$libinit$$00000030)
    __rt_lib_init_fp_1                       0x00000123   Thumb Code     0  libinit2.o(.ARM.Collect$$libinit$$00000002)
    __rt_lib_init_fp_trap_1                  0x00000123   Thumb Code     0  libinit2.o(.ARM.Collect$$libinit$$0000001F)
    __rt_lib_init_getenv_1                   0x00000123   Thumb Code     0  libinit2.o(.ARM.Collect$$libinit$$00000023)
    __rt_lib_init_heap_1                     0x00000123   Thumb Code     0  libinit2.o(.ARM.Collect$$libinit$$0000000A)
    __rt_lib_init_lc_collate_1               0x00000123   Thumb Code     0  libinit2.o(.ARM.Collect$$libinit$$00000011)
    __rt_lib_init_lc_ctype_1                 0x00000123   Thumb Code     0  libinit2.o(.ARM.Collect$$libinit$$00000013)
    __rt_lib_init_lc_monetary_1              0x00000123   Thumb Code     0  libinit2.o(.ARM.Collect$$libinit$$00000015)
    __rt_lib_init_lc_numeric_1               0x00000123   Thumb Code     0  libinit2.o(.ARM.Collect$$libinit$$00000017)
    __rt_lib_init_lc_time_1                  0x00000123   Thumb Code     0  libinit2.o(.ARM.Collect$$libinit$$00000019)
    __rt_lib_init_preinit_1                  0x00000123   Thumb Code     0  libinit2.o(.ARM.Collect$$libinit$$00000004)
    __rt_lib_init_rand_1                     0x00000123   Thumb Code     0  libinit2.o(.ARM.Collect$$libinit$$0000000E)
    __rt_lib_init_return                     0x00000123   Thumb Code     0  libinit2.o(.ARM.Collect$$libinit$$00000033)
    __rt_lib_init_signal_1                   0x00000123   Thumb Code     0  libinit2.o(.ARM.Collect$$libinit$$0000001D)
    __rt_lib_init_stdio_1                    0x00000123   Thumb Code     0  libinit2.o(.ARM.Collect$$libinit$$00000025)
    __rt_lib_init_user_alloc_1               0x00000123   Thumb Code     0  libinit2.o(.ARM.Collect$$libinit$$0000000C)
    __rt_lib_shutdown                        0x00000125   Thumb Code     0  libshutdown.o(.ARM.Collect$$libshutdown$$00000000)
    __rt_lib_shutdown_cpp_1                  0x00000127   Thumb Code     0  libshutdown2.o(.ARM.Collect$$libshutdown$$00000002)
    __rt_lib_shutdown_fp_trap_1              0x00000127   Thumb Code     0  libshutdown2.o(.ARM.Collect$$libshutdown$$00000007)
    __rt_lib_shutdown_heap_1                 0x00000127   Thumb Code     0  libshutdown2.o(.ARM.Collect$$libshutdown$$0000000F)
    __rt_lib_shutdown_return                 0x00000127   Thumb Code     0  libshutdown2.o(.ARM.Collect$$libshutdown$$00000010)
    __rt_lib_shutdown_signal_1               0x00000127   Thumb Code     0  libshutdown2.o(.ARM.Collect$$libshutdown$$0000000A)
    __rt_lib_shutdown_stdio_1                0x00000127   Thumb Code     0  libshutdown2.o(.ARM.Collect$$libshutdown$$00000004)
    __rt_lib_shutdown_user_alloc_1           0x00000127   Thumb Code     0  libshutdown2.o(.ARM.Collect$$libshutdown$$0000000C)
    __rt_entry                               0x00000129   Thumb Code     0  __rtentry.o(.ARM.Collect$$rtentry$$00000000)
    __rt_entry_presh_1                       0x00000129   Thumb Code     0  __rtentry2.o(.ARM.Collect$$rtentry$$00000002)
    __rt_entry_sh                            0x00000129   Thumb Code     0  __rtentry4.o(.ARM.Collect$$rtentry$$00000004)
    __rt_entry_postsh_1                      0x0000012f   Thumb Code     0  __rtentry2.o(.ARM.Collect$$rtentry$$00000008)
    __rt_entry_li                            0x00000137   Thumb Code     0  __rtentry2.o(.ARM.Collect$$rtentry$$0000000A)
    __rt_entry_main                          0x0000013b   Thumb Code     0  __rtentry2.o(.ARM.Collect$$rtentry$$0000000D)
    __rt_entry_postli_1                      0x0000013b   Thumb Code     0  __rtentry2.o(.ARM.Collect$$rtentry$$0000000C)
    __rt_exit                                0x00000143   Thumb Code     0  rtexit.o(.ARM.Collect$$rtexit$$00000000)
    __rt_exit_ls                             0x00000145   Thumb Code     0  rtexit2.o(.ARM.Collect$$rtexit$$00000003)
    __rt_exit_prels_1                        0x00000145   Thumb Code     0  rtexit2.o(.ARM.Collect$$rtexit$$00000002)
    __rt_exit_exit                           0x00000149   Thumb Code     0  rtexit2.o(.ARM.Collect$$rtexit$$00000004)
    __aeabi_memcpy4                          0x00000151   Thumb Code    56  rt_memcpy.o(.emb_text)
    __aeabi_memcpy8                          0x00000151   Thumb Code     0  rt_memcpy.o(.emb_text)
    Reset_Handler                            0x00000189   Thumb Code    10  startup_mkl25z4.o(.text)
    NMI_Handler                              0x00000193   Thumb Code     2  startup_mkl25z4.o(.text)
    HardFault_Handler                        0x00000195   Thumb Code     2  startup_mkl25z4.o(.text)
    ADC0_IRQHandler                          0x0000019d   Thumb Code     0  startup_mkl25z4.o(.text)
    CMP0_IRQHandler                          0x0000019d   Thumb Code     0  startup_mkl25z4.o(.text)
    DAC0_IRQHandler                          0x0000019d   Thumb Code     0  startup_mkl25z4.o(.text)
    DMA0_IRQHandler                          0x0000019d   Thumb Code     0  startup_mkl25z4.o(.text)
    DMA1_IRQHandler                          0x0000019d   Thumb Code     0  startup_mkl25z4.o(.text)
    DMA2_IRQHandler                          0x0000019d   Thumb Code     0  startup_mkl25z4.o(.text)
    DMA3_IRQHandler                          0x0000019d   Thumb Code     0  startup_mkl25z4.o(.text)
    DefaultISR                               0x0000019d   Thumb Code     0  startup_mkl25z4.o(.text)
    FTFA_IRQHandler                          0x0000019d   Thumb Code     0  startup_mkl25z4.o(.text)
    I2C0_IRQHandler                          0x0000019d   Thumb Code     0  startup_mkl25z4.o(.text)
    I2C1_IRQHandler                          0x0000019d   Thumb Code     0  startup_mkl25z4.o(.text)
    LLWU_IRQHandler                          0x0000019d   Thumb Code     0  startup_mkl25z4.o(.text)
    LPTMR0_IRQHandler                        0x0000019d   Thumb Code     0  startup_mkl25z4.o(.text)
    LVD_LVW_IRQHandler                       0x0000019d   Thumb Code     0  startup_mkl25z4.o(.text)
    MCG_IRQHandler                           0x0000019d   Thumb Code     0  startup_mkl25z4.o(.text)
    PIT_IRQHandler                           0x0000019d   Thumb Code     0  startup_mkl25z4.o(.text)
    PORTA_IRQHandler                         0x0000019d   Thumb Code     0  startup_mkl25z4.o(.text)
    RTC_IRQHandler                           0x0000019d   Thumb Code     0  startup_mkl25z4.o(.text)
    RTC_Seconds_IRQHandler                   0x0000019d   Thumb Code     0  startup_mkl25z4.o(.text)
    Reserved20_IRQHandler                    0x0000019d   Thumb Code     0  startup_mkl25z4.o(.text)
    Reserved39_IRQHandler                    0x0000019d   Thumb Code     0  startup_mkl25z4.o(.text)
    Reserved45_IRQHandler                    0x0000019d   Thumb Code     0  startup_mkl25z4.o(.text)
    SPI0_IRQHandler                          0x0000019d   Thumb Code     0  startup_mkl25z4.o(.text)
    SPI1_IRQHandler                          0x0000019d   Thumb Code     0  startup_mkl25z4.o(.text)
    TPM0_IRQHandler                          0x0000019d   Thumb Code     0  startup_mkl25z4.o(.text)
    TPM1_IRQHandler                          0x0000019d   Thumb Code     0  startup_mkl25z4.o(.text)
    TPM2_IRQHandler                          0x0000019d   Thumb Code     0  startup_mkl25z4.o(.text)
    TSI0_IRQHandler                          0x0000019d   Thumb Code     0  startup_mkl25z4.o(.text)
    UART0_IRQHandler                         0x0000019d   Thumb Code     0  startup_mkl25z4.o(.text)
    UART1_IRQHandler                         0x0000019d   Thumb Code     0  startup_mkl25z4.o(.text)
    USB0_IRQHandler                          0x0000019d   Thumb Code     0  startup_mkl25z4.o(.text)
    __user_initial_stackheap                 0x000001a1   Thumb Code     0  startup_mkl25z4.o(.text)
    SVC_Handler                              0x000001c5   Thumb Code   132  irq_cm0.o(.text)
    PendSV_Handler                           0x00000249   Thumb Code    12  irq_cm0.o(.text)
    SysTick_Handler                          0x00000255   Thumb Code    12  irq_cm0.o(.text)
    __aeabi_memcpy                           0x00000269   Thumb Code   130  rt_memcpy.o(.text)
    __rt_memcpy                              0x00000269   Thumb Code     0  rt_memcpy.o(.text)
    _memset_w                                0x000002eb   Thumb Code    26  rt_memclr.o(.text)
    _memset                                  0x00000305   Thumb Code    30  rt_memclr.o(.text)
    __aeabi_memclr                           0x00000323   Thumb Code     4  rt_memclr.o(.text)
    __rt_memclr                              0x00000323   Thumb Code     0  rt_memclr.o(.text)
    __aeabi_memclr4                          0x00000327   Thumb Code     0  rt_memclr.o(.text)
    __aeabi_memclr8                          0x00000327   Thumb Code     0  rt_memclr.o(.text)
    __rt_memclr_w                            0x00000327   Thumb Code     4  rt_memclr.o(.text)
    __use_two_region_memory                  0x0000032b   Thumb Code     2  heapauxi.o(.text)
    __rt_heap_escrow$2region                 0x0000032d   Thumb Code     2  heapauxi.o(.text)
    __rt_heap_expand$2region                 0x0000032f   Thumb Code     2  heapauxi.o(.text)
    __user_setup_stackheap                   0x00000331   Thumb Code    62  sys_stackheap_outer.o(.text)
    exit                                     0x0000036f   Thumb Code    16  exit.o(.text)
    __user_libspace                          0x00000381   Thumb Code     8  libspace.o(.text)
    __user_perproc_libspace                  0x00000381   Thumb Code     0  libspace.o(.text)
    _sys_exit                                0x00000389   Thumb Code     8  sys_exit.o(.text)
    __I$use$semihosting                      0x00000395   Thumb Code     0  use_no_semi.o(.text)
    __use_no_semihosting_swi                 0x00000395   Thumb Code     2  use_no_semi.o(.text)
    __decompress                             0x00000397   Thumb Code     0  __dczerorl2.o(.text)
    __decompress1                            0x00000397   Thumb Code    86  __dczerorl2.o(.text)
    __semihosting_library_function           0x00000397   Thumb Code     0  indicate_semi.o(.text)
    OS_Tick_AcknowledgeIRQ                   0x000003ed   Thumb Code    12  os_systick.o(.text.OS_Tick_AcknowledgeIRQ)
    OS_Tick_GetIRQn                          0x000003f9   Thumb Code     6  os_systick.o(.text.OS_Tick_GetIRQn)
    osRtxKernelPreInit                       0x000003ff   Thumb Code     2  rtx_kernel.o(.text.osRtxKernelPreInit)
    __aeabi_uidiv                            0x00000411   Thumb Code     0  aeabi_sdiv.o(.text)
    __aeabi_uidivmod                         0x00000411   Thumb Code    20  aeabi_sdiv.o(.text)
    __aeabi_idiv                             0x00000425   Thumb Code     0  aeabi_sdiv.o(.text)
    __aeabi_idivmod                          0x00000425   Thumb Code   326  aeabi_sdiv.o(.text)
    OS_Tick_Enable                           0x00000639   Thumb Code    44  os_systick.o(.text.OS_Tick_Enable)
    OS_Tick_Setup                            0x00000665   Thumb Code    76  os_systick.o(.text.OS_Tick_Setup)
    osDelay                                  0x0000074d   Thumb Code    40  rtx_delay.o(.text.osDelay)
    osKernelGetState                         0x00000775   Thumb Code    48  rtx_kernel.o(.text.osKernelGetState)
    osKernelInitialize                       0x000007a5   Thumb Code    40  rtx_kernel.o(.text.osKernelInitialize)
    osKernelStart                            0x000007cd   Thumb Code    36  rtx_kernel.o(.text.osKernelStart)
    osMessageQueueGet                        0x000007f1   Thumb Code   116  rtx_msgqueue.o(.text.osMessageQueueGet)
    osMessageQueueNew                        0x00000865   Thumb Code    36  rtx_msgqueue.o(.text.osMessageQueueNew)
    osMessageQueuePut                        0x00000889   Thumb Code   120  rtx_msgqueue.o(.text.osMessageQueuePut)
    osMutexAcquire                           0x00000901   Thumb Code    40  rtx_mutex.o(.text.osMutexAcquire)
    osMutexDelete                            0x00000929   Thumb Code    40  rtx_mutex.o(.text.osMutexDelete)
    osMutexNew                               0x00000951   Thumb Code    36  rtx_mutex.o(.text.osMutexNew)
    osMutexRelease                           0x00000975   Thumb Code    40  rtx_mutex.o(.text.osMutexRelease)
    osRtxMemoryAlloc                         0x0000099d   Thumb Code   124  rtx_memory.o(.text.osRtxMemoryAlloc)
    osRtxMemoryFree                          0x00000a19   Thumb Code    78  rtx_memory.o(.text.osRtxMemoryFree)
    osRtxMemoryInit                          0x00000a67   Thumb Code    50  rtx_memory.o(.text.osRtxMemoryInit)
    osRtxMemoryPoolAlloc                     0x00000a99   Thumb Code    46  rtx_mempool.o(.text.osRtxMemoryPoolAlloc)
    osRtxMemoryPoolFree                      0x00000ac7   Thumb Code    58  rtx_mempool.o(.text.osRtxMemoryPoolFree)
    osRtxMemoryPoolInit                      0x00000b01   Thumb Code    62  rtx_mempool.o(.text.osRtxMemoryPoolInit)
    osRtxMutexOwnerRelease                   0x00000bfb   Thumb Code    68  rtx_mutex.o(.text.osRtxMutexOwnerRelease)
    osRtxPendSV_Handler                      0x00000c41   Thumb Code   128  rtx_system.o(.text.osRtxPendSV_Handler)
    osRtxPostProcess                         0x00000cc1   Thumb Code   108  rtx_system.o(.text.osRtxPostProcess)
    osRtxThreadDelayTick                     0x00000e29   Thumb Code    56  rtx_thread.o(.text.osRtxThreadDelayTick)
    osRtxThreadDispatch                      0x00000e61   Thumb Code    80  rtx_thread.o(.text.osRtxThreadDispatch)
    osRtxThreadListGet                       0x00000f05   Thumb Code    20  rtx_thread.o(.text.osRtxThreadListGet)
    osRtxThreadListPut                       0x00000f19   Thumb Code    44  rtx_thread.o(.text.osRtxThreadListPut)
    osRtxThreadListRemove                    0x00000f45   Thumb Code    24  rtx_thread.o(.text.osRtxThreadListRemove)
    osRtxThreadListSort                      0x00000f5d   Thumb Code    38  rtx_thread.o(.text.osRtxThreadListSort)
    osRtxThreadReadyPut                      0x00000fa9   Thumb Code    24  rtx_thread.o(.text.osRtxThreadReadyPut)
    osRtxThreadRegPtr                        0x00000fc1   Thumb Code     6  rtx_thread.o(.text.osRtxThreadRegPtr)
    osRtxThreadStackCheck                    0x00000fc9   Thumb Code    44  rtx_thread.o(.text.osRtxThreadStackCheck)
    osRtxThreadStartup                       0x00000ff5   Thumb Code    64  rtx_thread.o(.text.osRtxThreadStartup)
    osRtxThreadSwitch                        0x00001035   Thumb Code    20  rtx_thread.o(.text.osRtxThreadSwitch)
    osRtxThreadWaitEnter                     0x00001049   Thumb Code    60  rtx_thread.o(.text.osRtxThreadWaitEnter)
    osRtxThreadWaitExit                      0x00001085   Thumb Code    34  rtx_thread.o(.text.osRtxThreadWaitExit)
    osRtxTick_Handler                        0x000010a9   Thumb Code   116  rtx_system.o(.text.osRtxTick_Handler)
    osRtxTimerThread                         0x0000111d   Thumb Code    60  rtx_timer.o(.text.osRtxTimerThread)
    osThreadExit                             0x000011b9   Thumb Code    12  rtx_thread.o(.text.osThreadExit)
    osThreadNew                              0x000011c5   Thumb Code    36  rtx_thread.o(.text.osThreadNew)
    PORTD_IRQHandler                         0x00001c39   Thumb Code    28  vin_weasel.o(i.PORTD_IRQHandler)
    SystemCoreClockUpdate                    0x00001c5d   Thumb Code   372  system_mkl25z4.o(i.SystemCoreClockUpdate)
    SystemInit                               0x00001ded   Thumb Code     8  system_mkl25z4.o(i.SystemInit)
    UART2_IRQHandler                         0x00001df9   Thumb Code    60  vin_weasel.o(i.UART2_IRQHandler)
    __ARM_common_switch8                     0x00001e3d   Thumb Code    28  vin_weasel.o(i.__ARM_common_switch8)
    _mutex_acquire                           0x00001f09   Thumb Code    24  rtx_lib.o(i._mutex_acquire)
    _mutex_free                              0x00001f21   Thumb Code    12  rtx_lib.o(i._mutex_free)
    _mutex_initialize                        0x00001f2d   Thumb Code    36  rtx_lib.o(i._mutex_initialize)
    _mutex_release                           0x00001f51   Thumb Code    20  rtx_lib.o(i._mutex_release)
    _platform_post_stackheap_init            0x00001f65   Thumb Code     8  rtx_lib.o(i._platform_post_stackheap_init)
    executeUTurn                             0x00001f79   Thumb Code    60  vin_weasel.o(i.executeUTurn)
    greenFlashTwice                          0x00001fb9   Thumb Code    52  vin_weasel.o(i.greenFlashTwice)
    greenLED_thread                          0x00001ff5   Thumb Code   126  vin_weasel.o(i.greenLED_thread)
    greenStopState                           0x00002081   Thumb Code     8  vin_weasel.o(i.greenStopState)
    initAudioPWM                             0x00002091   Thumb Code   122  vin_weasel.o(i.initAudioPWM)
    initIR                                   0x0000211d   Thumb Code    72  vin_weasel.o(i.initIR)
    initLED                                  0x00002175   Thumb Code   294  vin_weasel.o(i.initLED)
    initMotorPWM                             0x000022b5   Thumb Code   310  vin_weasel.o(i.initMotorPWM)
    initUART2                                0x000023fd   Thumb Code   148  vin_weasel.o(i.initUART2)
    ir_thread                                0x0000249d   Thumb Code   124  vin_weasel.o(i.ir_thread)
    ledControl                               0x00002525   Thumb Code   142  vin_weasel.o(i.ledControl)
    main                                     0x000025bd   Thumb Code   184  vin_weasel.o(i.main)
    motor_control                            0x000026a5   Thumb Code    86  vin_weasel.o(i.motor_control)
    motor_thread                             0x000026fd   Thumb Code    34  vin_weasel.o(i.motor_thread)
    moveBackward                             0x00002725   Thumb Code    18  vin_weasel.o(i.moveBackward)
    moveBackwardLeft                         0x00002741   Thumb Code    18  vin_weasel.o(i.moveBackwardLeft)
    moveBackwardRight                        0x0000275d   Thumb Code    18  vin_weasel.o(i.moveBackwardRight)
    moveForward                              0x00002779   Thumb Code    18  vin_weasel.o(i.moveForward)
    moveForwardLeft                          0x00002795   Thumb Code    16  vin_weasel.o(i.moveForwardLeft)
    moveForwardRight                         0x000027ad   Thumb Code    16  vin_weasel.o(i.moveForwardRight)
    moveLeft                                 0x000027c5   Thumb Code    20  vin_weasel.o(i.moveLeft)
    moveRight                                0x000027e1   Thumb Code    20  vin_weasel.o(i.moveRight)
    music_thread                             0x000027fd   Thumb Code   124  vin_weasel.o(i.music_thread)
    offLED                                   0x00002885   Thumb Code    14  vin_weasel.o(i.offLED)
    osRtxErrorNotify                         0x0000289d   Thumb Code    32  rtx_config.o(i.osRtxErrorNotify)
    osRtxIdleThread                          0x000028bd   Thumb Code     4  rtx_config.o(i.osRtxIdleThread)
    playEndUnique                            0x000028e5   Thumb Code    20  vin_weasel.o(i.playEndUnique)
    playNote                                 0x00002901   Thumb Code    28  vin_weasel.o(i.playNote)
    playStartUnique                          0x0000291d   Thumb Code    54  vin_weasel.o(i.playStartUnique)
    playTakeOnMe                             0x00002961   Thumb Code    64  vin_weasel.o(i.playTakeOnMe)
    redLED_thread                            0x000029b1   Thumb Code    66  vin_weasel.o(i.redLED_thread)
    redMoveState                             0x000029f9   Thumb Code    36  vin_weasel.o(i.redMoveState)
    redStopState                             0x00002a21   Thumb Code    32  vin_weasel.o(i.redStopState)
    setPWMFreq                               0x00002a45   Thumb Code    40  vin_weasel.o(i.setPWMFreq)
    stop                                     0x00002a71   Thumb Code    14  vin_weasel.o(i.stop)
    tBrain                                   0x00002a85   Thumb Code    90  vin_weasel.o(i.tBrain)
    osRtxUserSVC                             0x00002b5c   Data           4  rtx_lib.o(.constdata)
    irqRtxLib                                0x00002b60   Data           1  irq_cm0.o(.constdata)
    osRtxConfig                              0x00002b64   Data         104  rtx_lib.o(.rodata)
    os_cb_sections                           0x00002bcc   Data          56  rtx_lib.o(.rodata)
    Region$$Table$$Base                      0x00002c10   Number         0  anon$$obj.o(Region$$Table)
    Region$$Table$$Limit                     0x00002c30   Number         0  anon$$obj.o(Region$$Table)
    .bss.os.msgqueue.cb$$Base                0x20000040   Number         0  rtx_lib.o(.bss.os.msgqueue.cb)
    .bss.os.msgqueue.cb$$Limit               0x20000074   Number         0  rtx_lib.o(.bss.os.msgqueue.cb)
    .bss.os.thread.cb$$Base                  0x200000c4   Number         0  rtx_lib.o(.bss.os.thread.cb)
    .bss.os.thread.cb$$Limit                 0x2000014c   Number         0  rtx_lib.o(.bss.os.thread.cb)
    led_mapping_green                        0x20000350   Data          16  vin_weasel.o(.data)
    led_mapping_flash                        0x20000360   Data           4  vin_weasel.o(.data)
    shutup                                   0x20000364   Data           1  vin_weasel.o(.data)
    takeOnMeIterator                         0x20000365   Data           1  vin_weasel.o(.data)
    takeOnMeNoteCount                        0x20000366   Data           1  vin_weasel.o(.data)
    takeOnMeMelody                           0x20000368   Data         128  vin_weasel.o(.data)
    startNoteCount                           0x200003e8   Data           1  vin_weasel.o(.data)
    startMelody                              0x200003ec   Data          20  vin_weasel.o(.data)
    endingNoteCount                          0x20000400   Data           1  vin_weasel.o(.data)
    endingNote                               0x20000404   Data           4  vin_weasel.o(.data)
    uartMsg                                  0x20000408   Data           4  vin_weasel.o(.data)
    greenLEDMsg                              0x2000040c   Data           4  vin_weasel.o(.data)
    redLEDMsg                                0x20000410   Data           4  vin_weasel.o(.data)
    selfDrivingMsg                           0x20000414   Data           4  vin_weasel.o(.data)
    motorSem                                 0x20000418   Data           4  vin_weasel.o(.data)
    selfDriveMsg                             0x2000041c   Data           4  vin_weasel.o(.data)
    ir_control                               0x20000420   Data           1  vin_weasel.o(.data)
    motor                                    0x20000421   Data           1  vin_weasel.o(.data)
    isUTurn                                  0x20000422   Data           1  vin_weasel.o(.data)
    uart_data                                0x20000423   Data           1  vin_weasel.o(.data)
    movementFlag                             0x20000424   Data           4  vin_weasel.o(.data)
    musicMsg                                 0x20000428   Data           4  vin_weasel.o(.data)
    motorMsg                                 0x2000042c   Data           4  vin_weasel.o(.data)
    irqRtxLibRef                             0x20000430   Data           4  rtx_lib.o(.data)
    SystemCoreClock                          0x20000438   Data           4  system_mkl25z4.o(.data)
    osRtxInfo                                0x2000043c   Data         164  rtx_kernel.o(.data.os)
    __libspace_start                         0x200004e0   Data          96  libspace.o(.bss)
    __temporary_stack_top$libspace           0x20000540   Data           0  libspace.o(.bss)



==============================================================================

Memory Map of the image

  Image Entry point : 0x00000189

  Load Region LR_1 (Base: 0x00000000, Size: 0x00004110, Max: 0xffffffff, ABSOLUTE, COMPRESSED[0x00002cc0])

    Execution Region ER_RO (Exec base: 0x00000000, Load base: 0x00000000, Size: 0x00002c30, Max: 0xffffffff, ABSOLUTE)

    Exec Addr    Load Addr    Size         Type   Attr      Idx    E Section Name        Object

    0x00000000   0x00000000   0x000000c0   Data   RO          483    RESET               startup_mkl25z4.o
    0x000000c0   0x000000c0   0x00000008   Code   RO         1004  * !!!main             c_p.l(__main.o)
    0x000000c8   0x000000c8   0x0000003c   Code   RO         1173    !!!scatter          c_p.l(__scatter.o)
    0x00000104   0x00000104   0x0000001c   Code   RO         1175    !!handler_zi        c_p.l(__scatter_zi.o)
    0x00000120   0x00000120   0x00000002   Code   RO         1040    .ARM.Collect$$libinit$$00000000  c_p.l(libinit.o)
    0x00000122   0x00000122   0x00000000   Code   RO         1054    .ARM.Collect$$libinit$$00000002  c_p.l(libinit2.o)
    0x00000122   0x00000122   0x00000000   Code   RO         1056    .ARM.Collect$$libinit$$00000004  c_p.l(libinit2.o)
    0x00000122   0x00000122   0x00000000   Code   RO         1059    .ARM.Collect$$libinit$$0000000A  c_p.l(libinit2.o)
    0x00000122   0x00000122   0x00000000   Code   RO         1061    .ARM.Collect$$libinit$$0000000C  c_p.l(libinit2.o)
    0x00000122   0x00000122   0x00000000   Code   RO         1063    .ARM.Collect$$libinit$$0000000E  c_p.l(libinit2.o)
    0x00000122   0x00000122   0x00000000   Code   RO         1066    .ARM.Collect$$libinit$$00000011  c_p.l(libinit2.o)
    0x00000122   0x00000122   0x00000000   Code   RO         1068    .ARM.Collect$$libinit$$00000013  c_p.l(libinit2.o)
    0x00000122   0x00000122   0x00000000   Code   RO         1070    .ARM.Collect$$libinit$$00000015  c_p.l(libinit2.o)
    0x00000122   0x00000122   0x00000000   Code   RO         1072    .ARM.Collect$$libinit$$00000017  c_p.l(libinit2.o)
    0x00000122   0x00000122   0x00000000   Code   RO         1074    .ARM.Collect$$libinit$$00000019  c_p.l(libinit2.o)
    0x00000122   0x00000122   0x00000000   Code   RO         1076    .ARM.Collect$$libinit$$0000001B  c_p.l(libinit2.o)
    0x00000122   0x00000122   0x00000000   Code   RO         1078    .ARM.Collect$$libinit$$0000001D  c_p.l(libinit2.o)
    0x00000122   0x00000122   0x00000000   Code   RO         1080    .ARM.Collect$$libinit$$0000001F  c_p.l(libinit2.o)
    0x00000122   0x00000122   0x00000000   Code   RO         1082    .ARM.Collect$$libinit$$00000021  c_p.l(libinit2.o)
    0x00000122   0x00000122   0x00000000   Code   RO         1084    .ARM.Collect$$libinit$$00000023  c_p.l(libinit2.o)
    0x00000122   0x00000122   0x00000000   Code   RO         1086    .ARM.Collect$$libinit$$00000025  c_p.l(libinit2.o)
    0x00000122   0x00000122   0x00000000   Code   RO         1090    .ARM.Collect$$libinit$$0000002C  c_p.l(libinit2.o)
    0x00000122   0x00000122   0x00000000   Code   RO         1092    .ARM.Collect$$libinit$$0000002E  c_p.l(libinit2.o)
    0x00000122   0x00000122   0x00000000   Code   RO         1094    .ARM.Collect$$libinit$$00000030  c_p.l(libinit2.o)
    0x00000122   0x00000122   0x00000000   Code   RO         1096    .ARM.Collect$$libinit$$00000032  c_p.l(libinit2.o)
    0x00000122   0x00000122   0x00000002   Code   RO         1097    .ARM.Collect$$libinit$$00000033  c_p.l(libinit2.o)
    0x00000124   0x00000124   0x00000002   Code   RO         1128    .ARM.Collect$$libshutdown$$00000000  c_p.l(libshutdown.o)
    0x00000126   0x00000126   0x00000000   Code   RO         1154    .ARM.Collect$$libshutdown$$00000002  c_p.l(libshutdown2.o)
    0x00000126   0x00000126   0x00000000   Code   RO         1156    .ARM.Collect$$libshutdown$$00000004  c_p.l(libshutdown2.o)
    0x00000126   0x00000126   0x00000000   Code   RO         1159    .ARM.Collect$$libshutdown$$00000007  c_p.l(libshutdown2.o)
    0x00000126   0x00000126   0x00000000   Code   RO         1162    .ARM.Collect$$libshutdown$$0000000A  c_p.l(libshutdown2.o)
    0x00000126   0x00000126   0x00000000   Code   RO         1164    .ARM.Collect$$libshutdown$$0000000C  c_p.l(libshutdown2.o)
    0x00000126   0x00000126   0x00000000   Code   RO         1167    .ARM.Collect$$libshutdown$$0000000F  c_p.l(libshutdown2.o)
    0x00000126   0x00000126   0x00000002   Code   RO         1168    .ARM.Collect$$libshutdown$$00000010  c_p.l(libshutdown2.o)
    0x00000128   0x00000128   0x00000000   Code   RO         1006    .ARM.Collect$$rtentry$$00000000  c_p.l(__rtentry.o)
    0x00000128   0x00000128   0x00000000   Code   RO         1012    .ARM.Collect$$rtentry$$00000002  c_p.l(__rtentry2.o)
    0x00000128   0x00000128   0x00000006   Code   RO         1024    .ARM.Collect$$rtentry$$00000004  c_p.l(__rtentry4.o)
    0x0000012e   0x0000012e   0x00000008   Code   RO         1013    .ARM.Collect$$rtentry$$00000008  c_p.l(__rtentry2.o)
    0x00000136   0x00000136   0x00000004   Code   RO         1015    .ARM.Collect$$rtentry$$0000000A  c_p.l(__rtentry2.o)
    0x0000013a   0x0000013a   0x00000000   Code   RO         1017    .ARM.Collect$$rtentry$$0000000C  c_p.l(__rtentry2.o)
    0x0000013a   0x0000013a   0x00000008   Code   RO         1018    .ARM.Collect$$rtentry$$0000000D  c_p.l(__rtentry2.o)
    0x00000142   0x00000142   0x00000002   Code   RO         1045    .ARM.Collect$$rtexit$$00000000  c_p.l(rtexit.o)
    0x00000144   0x00000144   0x00000000   Code   RO         1101    .ARM.Collect$$rtexit$$00000002  c_p.l(rtexit2.o)
    0x00000144   0x00000144   0x00000004   Code   RO         1102    .ARM.Collect$$rtexit$$00000003  c_p.l(rtexit2.o)
    0x00000148   0x00000148   0x00000006   Code   RO         1103    .ARM.Collect$$rtexit$$00000004  c_p.l(rtexit2.o)
    0x0000014e   0x0000014e   0x00000002   PAD
    0x00000150   0x00000150   0x00000038   Code   RO          992    .emb_text           c_p.l(rt_memcpy.o)
    0x00000188   0x00000188   0x0000003c   Code   RO          485  * .text               startup_mkl25z4.o
    0x000001c4   0x000001c4   0x000000a4   Code   RO          834    .text               RTX_CM0.lib(irq_cm0.o)
    0x00000268   0x00000268   0x00000082   Code   RO          993    .text               c_p.l(rt_memcpy.o)
    0x000002ea   0x000002ea   0x00000040   Code   RO          996    .text               c_p.l(rt_memclr.o)
    0x0000032a   0x0000032a   0x00000006   Code   RO         1002    .text               c_p.l(heapauxi.o)
    0x00000330   0x00000330   0x0000003e   Code   RO         1028    .text               c_p.l(sys_stackheap_outer.o)
    0x0000036e   0x0000036e   0x00000010   Code   RO         1031    .text               c_p.l(exit.o)
    0x0000037e   0x0000037e   0x00000002   PAD
    0x00000380   0x00000380   0x00000008   Code   RO         1041    .text               c_p.l(libspace.o)
    0x00000388   0x00000388   0x0000000c   Code   RO         1098    .text               c_p.l(sys_exit.o)
    0x00000394   0x00000394   0x00000002   Code   RO         1117    .text               c_p.l(use_no_semi.o)
    0x00000396   0x00000396   0x00000000   Code   RO         1119    .text               c_p.l(indicate_semi.o)
    0x00000396   0x00000396   0x00000056   Code   RO         1171    .text               c_p.l(__dczerorl2.o)
    0x000003ec   0x000003ec   0x0000000c   Code   RO          969    .text.OS_Tick_AcknowledgeIRQ  RTX_CM0.lib(os_systick.o)
    0x000003f8   0x000003f8   0x00000006   Code   RO          971    .text.OS_Tick_GetIRQn  RTX_CM0.lib(os_systick.o)
    0x000003fe   0x000003fe   0x00000002   Code   RO          527    .text.osRtxKernelPreInit  RTX_CM0.lib(rtx_kernel.o)
    0x00000400   0x00000400   0x00000010   Code   RO          484    .ARM.__at_0x400     startup_mkl25z4.o
    0x00000410   0x00000410   0x0000015a   Code   RO          998    .text               c_p.l(aeabi_sdiv.o)
    0x0000056a   0x0000056a   0x0000004c   Code   RO          817    .text.MessageQueueGet  RTX_CM0.lib(rtx_msgqueue.o)
    0x000005b6   0x000005b6   0x00000062   Code   RO          811    .text.MessageQueuePut  RTX_CM0.lib(rtx_msgqueue.o)
    0x00000618   0x00000618   0x0000001e   Code   RO          809    .text.MessageQueueRemove  RTX_CM0.lib(rtx_msgqueue.o)
    0x00000636   0x00000636   0x00000002   PAD
    0x00000638   0x00000638   0x0000002c   Code   RO          965    .text.OS_Tick_Enable  RTX_CM0.lib(os_systick.o)
    0x00000664   0x00000664   0x0000004c   Code   RO          963    .text.OS_Tick_Setup  RTX_CM0.lib(os_systick.o)
    0x000006b0   0x000006b0   0x0000004e   Code   RO          672    .text.ThreadFlagsCheck  RTX_CM0.lib(rtx_thread.o)
    0x000006fe   0x000006fe   0x00000002   PAD
    0x00000700   0x00000700   0x0000004c   Code   RO          855    .text.TimerInsert   RTX_CM0.lib(rtx_timer.o)
    0x0000074c   0x0000074c   0x00000028   Code   RO          725    .text.osDelay       RTX_CM0.lib(rtx_delay.o)
    0x00000774   0x00000774   0x00000030   Code   RO          535    .text.osKernelGetState  RTX_CM0.lib(rtx_kernel.o)
    0x000007a4   0x000007a4   0x00000028   Code   RO          529    .text.osKernelInitialize  RTX_CM0.lib(rtx_kernel.o)
    0x000007cc   0x000007cc   0x00000024   Code   RO          539    .text.osKernelStart  RTX_CM0.lib(rtx_kernel.o)
    0x000007f0   0x000007f0   0x00000074   Code   RO          783    .text.osMessageQueueGet  RTX_CM0.lib(rtx_msgqueue.o)
    0x00000864   0x00000864   0x00000024   Code   RO          777    .text.osMessageQueueNew  RTX_CM0.lib(rtx_msgqueue.o)
    0x00000888   0x00000888   0x00000078   Code   RO          781    .text.osMessageQueuePut  RTX_CM0.lib(rtx_msgqueue.o)
    0x00000900   0x00000900   0x00000028   Code   RO          748    .text.osMutexAcquire  RTX_CM0.lib(rtx_mutex.o)
    0x00000928   0x00000928   0x00000028   Code   RO          754    .text.osMutexDelete  RTX_CM0.lib(rtx_mutex.o)
    0x00000950   0x00000950   0x00000024   Code   RO          744    .text.osMutexNew    RTX_CM0.lib(rtx_mutex.o)
    0x00000974   0x00000974   0x00000028   Code   RO          750    .text.osMutexRelease  RTX_CM0.lib(rtx_mutex.o)
    0x0000099c   0x0000099c   0x0000007c   Code   RO          882    .text.osRtxMemoryAlloc  RTX_CM0.lib(rtx_memory.o)
    0x00000a18   0x00000a18   0x0000004e   Code   RO          884    .text.osRtxMemoryFree  RTX_CM0.lib(rtx_memory.o)
    0x00000a66   0x00000a66   0x00000032   Code   RO          880    .text.osRtxMemoryInit  RTX_CM0.lib(rtx_memory.o)
    0x00000a98   0x00000a98   0x0000002e   Code   RO          897    .text.osRtxMemoryPoolAlloc  RTX_CM0.lib(rtx_mempool.o)
    0x00000ac6   0x00000ac6   0x0000003a   Code   RO          899    .text.osRtxMemoryPoolFree  RTX_CM0.lib(rtx_mempool.o)
    0x00000b00   0x00000b00   0x0000003e   Code   RO          895    .text.osRtxMemoryPoolInit  RTX_CM0.lib(rtx_mempool.o)
    0x00000b3e   0x00000b3e   0x000000bc   Code   RO          807    .text.osRtxMessageQueuePostProcess  RTX_CM0.lib(rtx_msgqueue.o)
    0x00000bfa   0x00000bfa   0x00000044   Code   RO          742    .text.osRtxMutexOwnerRelease  RTX_CM0.lib(rtx_mutex.o)
    0x00000c3e   0x00000c3e   0x00000002   PAD
    0x00000c40   0x00000c40   0x00000080   Code   RO          950    .text.osRtxPendSV_Handler  RTX_CM0.lib(rtx_system.o)
    0x00000cc0   0x00000cc0   0x0000006c   Code   RO          952    .text.osRtxPostProcess  RTX_CM0.lib(rtx_system.o)
    0x00000d2c   0x00000d2c   0x00000038   Code   RO          612    .text.osRtxThreadBlock  RTX_CM0.lib(rtx_thread.o)
    0x00000d64   0x00000d64   0x00000080   Code   RO          620    .text.osRtxThreadDelayInsert  RTX_CM0.lib(rtx_thread.o)
    0x00000de4   0x00000de4   0x00000044   Code   RO          616    .text.osRtxThreadDelayRemove  RTX_CM0.lib(rtx_thread.o)
    0x00000e28   0x00000e28   0x00000038   Code   RO          602    .text.osRtxThreadDelayTick  RTX_CM0.lib(rtx_thread.o)
    0x00000e60   0x00000e60   0x00000050   Code   RO          610    .text.osRtxThreadDispatch  RTX_CM0.lib(rtx_thread.o)
    0x00000eb0   0x00000eb0   0x00000054   Code   RO          696    .text.osRtxThreadFree  RTX_CM0.lib(rtx_thread.o)
    0x00000f04   0x00000f04   0x00000014   Code   RO          594    .text.osRtxThreadListGet  RTX_CM0.lib(rtx_thread.o)
    0x00000f18   0x00000f18   0x0000002c   Code   RO          592    .text.osRtxThreadListPut  RTX_CM0.lib(rtx_thread.o)
    0x00000f44   0x00000f44   0x00000018   Code   RO          598    .text.osRtxThreadListRemove  RTX_CM0.lib(rtx_thread.o)
    0x00000f5c   0x00000f5c   0x00000026   Code   RO          596    .text.osRtxThreadListSort  RTX_CM0.lib(rtx_thread.o)
    0x00000f82   0x00000f82   0x00000026   Code   RO          670    .text.osRtxThreadPostProcess  RTX_CM0.lib(rtx_thread.o)
    0x00000fa8   0x00000fa8   0x00000018   Code   RO          600    .text.osRtxThreadReadyPut  RTX_CM0.lib(rtx_thread.o)
    0x00000fc0   0x00000fc0   0x00000006   Code   RO          604    .text.osRtxThreadRegPtr  RTX_CM0.lib(rtx_thread.o)
    0x00000fc6   0x00000fc6   0x00000002   PAD
    0x00000fc8   0x00000fc8   0x0000002c   Code   RO          608    .text.osRtxThreadStackCheck  RTX_CM0.lib(rtx_thread.o)
    0x00000ff4   0x00000ff4   0x00000040   Code   RO          622    .text.osRtxThreadStartup  RTX_CM0.lib(rtx_thread.o)
    0x00001034   0x00001034   0x00000014   Code   RO          606    .text.osRtxThreadSwitch  RTX_CM0.lib(rtx_thread.o)
    0x00001048   0x00001048   0x0000003c   Code   RO          618    .text.osRtxThreadWaitEnter  RTX_CM0.lib(rtx_thread.o)
    0x00001084   0x00001084   0x00000022   Code   RO          614    .text.osRtxThreadWaitExit  RTX_CM0.lib(rtx_thread.o)
    0x000010a6   0x000010a6   0x00000002   PAD
    0x000010a8   0x000010a8   0x00000074   Code   RO          948    .text.osRtxTick_Handler  RTX_CM0.lib(rtx_system.o)
    0x0000111c   0x0000111c   0x0000003c   Code   RO          839    .text.osRtxTimerThread  RTX_CM0.lib(rtx_timer.o)
    0x00001158   0x00001158   0x00000060   Code   RO          841    .text.osRtxTimerTick  RTX_CM0.lib(rtx_timer.o)
    0x000011b8   0x000011b8   0x0000000c   Code   RO          654    .text.osThreadExit  RTX_CM0.lib(rtx_thread.o)
    0x000011c4   0x000011c4   0x00000024   Code   RO          626    .text.osThreadNew   RTX_CM0.lib(rtx_thread.o)
    0x000011e8   0x000011e8   0x00000012   Code   RO          729    .text.svcRtxDelay   RTX_CM0.lib(rtx_delay.o)
    0x000011fa   0x000011fa   0x00000002   PAD
    0x000011fc   0x000011fc   0x0000000c   Code   RO          537    .text.svcRtxKernelGetState  RTX_CM0.lib(rtx_kernel.o)
    0x00001208   0x00001208   0x00000148   Code   RO          567    .text.svcRtxKernelInitialize  RTX_CM0.lib(rtx_kernel.o)
    0x00001350   0x00001350   0x00000084   Code   RO          569    .text.svcRtxKernelStart  RTX_CM0.lib(rtx_kernel.o)
    0x000013d4   0x000013d4   0x000000e8   Code   RO          819    .text.svcRtxMessageQueueGet  RTX_CM0.lib(rtx_msgqueue.o)
    0x000014bc   0x000014bc   0x000001e4   Code   RO          805    .text.svcRtxMessageQueueNew  RTX_CM0.lib(rtx_msgqueue.o)
    0x000016a0   0x000016a0   0x000000bc   Code   RO          815    .text.svcRtxMessageQueuePut  RTX_CM0.lib(rtx_msgqueue.o)
    0x0000175c   0x0000175c   0x00000098   Code   RO          760    .text.svcRtxMutexAcquire  RTX_CM0.lib(rtx_mutex.o)
    0x000017f4   0x000017f4   0x000000bc   Code   RO          766    .text.svcRtxMutexDelete  RTX_CM0.lib(rtx_mutex.o)
    0x000018b0   0x000018b0   0x00000070   Code   RO          756    .text.svcRtxMutexNew  RTX_CM0.lib(rtx_mutex.o)
    0x00001920   0x00001920   0x000000c0   Code   RO          762    .text.svcRtxMutexRelease  RTX_CM0.lib(rtx_mutex.o)
    0x000019e0   0x000019e0   0x0000006c   Code   RO          700    .text.svcRtxThreadExit  RTX_CM0.lib(rtx_thread.o)
    0x00001a4c   0x00001a4c   0x000001ec   Code   RO          624    .text.svcRtxThreadNew  RTX_CM0.lib(rtx_thread.o)
    0x00001c38   0x00001c38   0x00000024   Code   RO            4    i.PORTD_IRQHandler  vin_weasel.o
    0x00001c5c   0x00001c5c   0x00000190   Code   RO          493    i.SystemCoreClockUpdate  system_mkl25z4.o
    0x00001dec   0x00001dec   0x0000000c   Code   RO          494    i.SystemInit        system_mkl25z4.o
    0x00001df8   0x00001df8   0x00000044   Code   RO            5    i.UART2_IRQHandler  vin_weasel.o
    0x00001e3c   0x00001e3c   0x0000001c   Code   RO          312    i.__ARM_common_switch8  vin_weasel.o
    0x00001e58   0x00001e58   0x00000018   Code   RO            6    i.__NVIC_ClearPendingIRQ  vin_weasel.o
    0x00001e70   0x00001e70   0x00000020   Code   RO            7    i.__NVIC_EnableIRQ  vin_weasel.o
    0x00001e90   0x00001e90   0x00000078   Code   RO            8    i.__NVIC_SetPriority  vin_weasel.o
    0x00001f08   0x00001f08   0x00000018   Code   RO          377    i._mutex_acquire    rtx_lib.o
    0x00001f20   0x00001f20   0x0000000c   Code   RO          378    i._mutex_free       rtx_lib.o
    0x00001f2c   0x00001f2c   0x00000024   Code   RO          379    i._mutex_initialize  rtx_lib.o
    0x00001f50   0x00001f50   0x00000014   Code   RO          380    i._mutex_release    rtx_lib.o
    0x00001f64   0x00001f64   0x00000008   Code   RO          381    i._platform_post_stackheap_init  rtx_lib.o
    0x00001f6c   0x00001f6c   0x0000000a   Code   RO            9    i.delay             vin_weasel.o
    0x00001f76   0x00001f76   0x00000002   PAD
    0x00001f78   0x00001f78   0x00000040   Code   RO           10    i.executeUTurn      vin_weasel.o
    0x00001fb8   0x00001fb8   0x0000003c   Code   RO           11    i.greenFlashTwice   vin_weasel.o
    0x00001ff4   0x00001ff4   0x0000008c   Code   RO           12    i.greenLED_thread   vin_weasel.o
    0x00002080   0x00002080   0x00000010   Code   RO           13    i.greenStopState    vin_weasel.o
    0x00002090   0x00002090   0x0000008c   Code   RO           14    i.initAudioPWM      vin_weasel.o
    0x0000211c   0x0000211c   0x00000058   Code   RO           15    i.initIR            vin_weasel.o
    0x00002174   0x00002174   0x00000140   Code   RO           16    i.initLED           vin_weasel.o
    0x000022b4   0x000022b4   0x00000148   Code   RO           17    i.initMotorPWM      vin_weasel.o
    0x000023fc   0x000023fc   0x000000a0   Code   RO           18    i.initUART2         vin_weasel.o
    0x0000249c   0x0000249c   0x00000088   Code   RO           19    i.ir_thread         vin_weasel.o
    0x00002524   0x00002524   0x00000098   Code   RO           20    i.ledControl        vin_weasel.o
    0x000025bc   0x000025bc   0x000000e8   Code   RO           21    i.main              vin_weasel.o
    0x000026a4   0x000026a4   0x00000056   Code   RO           22    i.motor_control     vin_weasel.o
    0x000026fa   0x000026fa   0x00000002   PAD
    0x000026fc   0x000026fc   0x00000028   Code   RO           23    i.motor_thread      vin_weasel.o
    0x00002724   0x00002724   0x0000001c   Code   RO           24    i.moveBackward      vin_weasel.o
    0x00002740   0x00002740   0x0000001c   Code   RO           25    i.moveBackwardLeft  vin_weasel.o
    0x0000275c   0x0000275c   0x0000001c   Code   RO           26    i.moveBackwardRight  vin_weasel.o
    0x00002778   0x00002778   0x0000001c   Code   RO           27    i.moveForward       vin_weasel.o
    0x00002794   0x00002794   0x00000018   Code   RO           28    i.moveForwardLeft   vin_weasel.o
    0x000027ac   0x000027ac   0x00000018   Code   RO           29    i.moveForwardRight  vin_weasel.o
    0x000027c4   0x000027c4   0x0000001c   Code   RO           30    i.moveLeft          vin_weasel.o
    0x000027e0   0x000027e0   0x0000001c   Code   RO           31    i.moveRight         vin_weasel.o
    0x000027fc   0x000027fc   0x00000088   Code   RO           32    i.music_thread      vin_weasel.o
    0x00002884   0x00002884   0x00000018   Code   RO           33    i.offLED            vin_weasel.o
    0x0000289c   0x0000289c   0x00000020   Code   RO          453    i.osRtxErrorNotify  rtx_config.o
    0x000028bc   0x000028bc   0x00000004   Code   RO          454    i.osRtxIdleThread   rtx_config.o
    0x000028c0   0x000028c0   0x00000024   Code   RO          382    i.os_kernel_is_active  rtx_lib.o
    0x000028e4   0x000028e4   0x0000001c   Code   RO           34    i.playEndUnique     vin_weasel.o
    0x00002900   0x00002900   0x0000001c   Code   RO           35    i.playNote          vin_weasel.o
    0x0000291c   0x0000291c   0x00000044   Code   RO           36    i.playStartUnique   vin_weasel.o
    0x00002960   0x00002960   0x00000050   Code   RO           37    i.playTakeOnMe      vin_weasel.o
    0x000029b0   0x000029b0   0x00000048   Code   RO           38    i.redLED_thread     vin_weasel.o
    0x000029f8   0x000029f8   0x00000028   Code   RO           39    i.redMoveState      vin_weasel.o
    0x00002a20   0x00002a20   0x00000024   Code   RO           40    i.redStopState      vin_weasel.o
    0x00002a44   0x00002a44   0x0000002c   Code   RO           50    i.setPWMFreq        vin_weasel.o
    0x00002a70   0x00002a70   0x00000014   Code   RO           51    i.stop              vin_weasel.o
    0x00002a84   0x00002a84   0x00000078   Code   RO           52    i.tBrain            vin_weasel.o
    0x00002afc   0x00002afc   0x00000064   Data   RO          389    .constdata          rtx_lib.o
    0x00002b60   0x00002b60   0x00000001   Data   RO          833    .constdata          RTX_CM0.lib(irq_cm0.o)
    0x00002b61   0x00002b61   0x00000003   PAD
    0x00002b64   0x00002b64   0x000000a0   Data   RO          391    .rodata             rtx_lib.o
    0x00002c04   0x00002c04   0x0000000b   Data   RO          581    .rodata.str1.4      RTX_CM0.lib(rtx_kernel.o)
    0x00002c0f   0x00002c0f   0x00000001   PAD
    0x00002c10   0x00002c10   0x00000020   Data   RO         1169    Region$$Table       anon$$obj.o


    Execution Region ER_RW (Exec base: 0x1ffff000, Load base: 0x00002c30, Size: 0x000014e0, Max: 0xffffffff, ABSOLUTE, COMPRESSED[0x00000090])

    Exec Addr    Load Addr    Size         Type   Attr      Idx    E Section Name        Object

    0x1ffff000   COMPRESSED   0x00001040   Data   RW          383    .bss.os             rtx_lib.o
    0x20000040   COMPRESSED   0x00000034   Data   RW          385    .bss.os.msgqueue.cb  rtx_lib.o
    0x20000074   COMPRESSED   0x00000050   Data   RW          386    .bss.os.msgqueue.mem  rtx_lib.o
    0x200000c4   COMPRESSED   0x00000088   Data   RW          387    .bss.os.thread.cb   rtx_lib.o
    0x2000014c   COMPRESSED   0x00000004   PAD
    0x20000150   COMPRESSED   0x00000200   Data   RW          388    .bss.os.thread.stack  rtx_lib.o
    0x20000350   COMPRESSED   0x000000e0   Data   RW           53    .data               vin_weasel.o
    0x20000430   COMPRESSED   0x00000005   Data   RW          390    .data               rtx_lib.o
    0x20000435   COMPRESSED   0x00000003   PAD
    0x20000438   COMPRESSED   0x00000004   Data   RW          495    .data               system_mkl25z4.o
    0x2000043c   COMPRESSED   0x000000a4   Data   RW          582    .data.os            RTX_CM0.lib(rtx_kernel.o)


    Execution Region ER_ZI (Exec base: 0x200004e0, Load base: 0x00002cc0, Size: 0x00000168, Max: 0xffffffff, ABSOLUTE)

    Exec Addr    Load Addr    Size         Type   Attr      Idx    E Section Name        Object

    0x200004e0        -       0x00000060   Zero   RW         1042    .bss                c_p.l(libspace.o)
    0x20000540        -       0x00000001   Zero   RW          981    .bss.PendST         RTX_CM0.lib(os_systick.o)
    0x20000541   0x00002cc0   0x00000007   PAD
    0x20000548        -       0x00000000   Zero   RW          482    HEAP                startup_mkl25z4.o
    0x20000548        -       0x00000100   Zero   RW          481    STACK               startup_mkl25z4.o


==============================================================================

Image component sizes


      Code (inc. data)   RO Data    RW Data    ZI Data      Debug   Object Name

        36          8          0          0          0        925   rtx_config.o
       136          6        260       4945          0      12766   rtx_lib.o
        76         42        192          0        256        828   startup_mkl25z4.o
       412         42          0          4          0       1455   system_mkl25z4.o
      3192        436          0        224          0     247799   vin_weasel.o

    ----------------------------------------------------------------------
      3856        534        484       5180        256     263773   Object Totals
         0          0         32          0          0          0   (incl. Generated)
         4          0          0          7          0          0   (incl. Padding)

    ----------------------------------------------------------------------

      Code (inc. data)   RO Data    RW Data    ZI Data      Debug   Library Member Name

       164          8          1          0          0        496   irq_cm0.o
       138         32          0          0          1       2766   os_systick.o
        58          4          0          0          0       2753   rtx_delay.o
       598         48         11        164          0      16105   rtx_kernel.o
       252          0          0          0          0       2564   rtx_memory.o
       166          0          0          0          0      14282   rtx_mempool.o
      1568         44          0          0          0      17889   rtx_msgqueue.o
       868         32          0          0          0       9201   rtx_mutex.o
       352         26          0          0          0       4635   rtx_system.o
      1614         96          0          0          0      30867   rtx_thread.o
       232         20          0          0          0      10018   rtx_timer.o
        86          0          0          0          0          0   __dczerorl2.o
         8          0          0          0          0         68   __main.o
         0          0          0          0          0          0   __rtentry.o
        20          0          0          0          0          0   __rtentry2.o
         6          0          0          0          0          0   __rtentry4.o
        60          8          0          0          0          0   __scatter.o
        28          0          0          0          0          0   __scatter_zi.o
       346          0          0          0          0         92   aeabi_sdiv.o
        16          0          0          0          0         68   exit.o
         6          0          0          0          0        136   heapauxi.o
         0          0          0          0          0          0   indicate_semi.o
         2          0          0          0          0          0   libinit.o
         2          0          0          0          0          0   libinit2.o
         2          0          0          0          0          0   libshutdown.o
         2          0          0          0          0          0   libshutdown2.o
         8          4          0          0         96         68   libspace.o
        64          0          0          0          0        108   rt_memclr.o
       186          0          0          0          0        144   rt_memcpy.o
         2          0          0          0          0          0   rtexit.o
        10          0          0          0          0          0   rtexit2.o
        12          4          0          0          0         60   sys_exit.o
        62          0          0          0          0         80   sys_stackheap_outer.o
         2          0          0          0          0         68   use_no_semi.o

    ----------------------------------------------------------------------
      6956        326         16        164        104     112468   Library Totals
        16          0          4          0          7          0   (incl. Padding)

    ----------------------------------------------------------------------

      Code (inc. data)   RO Data    RW Data    ZI Data      Debug   Library Name

      6010        310         12        164          1     111576   RTX_CM0.lib
       930         16          0          0         96        892   c_p.l

    ----------------------------------------------------------------------
      6956        326         16        164        104     112468   Library Totals

    ----------------------------------------------------------------------

==============================================================================


      Code (inc. data)   RO Data    RW Data    ZI Data      Debug   

     10812        860        500       5344        360     373609   Grand Totals
     10812        860        500        144        360     373609   ELF Image Totals (compressed)
     10812        860        500        144          0          0   ROM Totals

==============================================================================

    Total RO  Size (Code + RO Data)                11312 (  11.05kB)
    Total RW  Size (RW Data + ZI Data)              5704 (   5.57kB)
    Total ROM Size (Code + RO Data + RW Data)      11456 (  11.19kB)

==============================================================================

